[      15ms] [LOG] 🚀 Transcription bridge starting... @ http://localhost:8000/public/script.js:35
[      15ms] [LOG] 🚀 Transcription bridge initialized (Robust Mode). Watching for .transcription-signal... @ http://localhost:8000/public/script.js:76
[     263ms] [WARNING] Skipped "*/*" because it is not a valid MIME type. Check https://developer.mozilla.org/en-US/docs/Web/HTTP/Basics_of_HTTP/MIME_types/Common_types for a list of valid MIME types. @ http://localhost:8000/assets/index-LFVFt-Wr.js:9207
[     268ms] [WARNING] Skipped "*/*" because it is not a valid MIME type. Check https://developer.mozilla.org/en-US/docs/Web/HTTP/Basics_of_HTTP/MIME_types/Common_types for a list of valid MIME types. @ http://localhost:8000/assets/index-LFVFt-Wr.js:9207
[     284ms] [WARNING] Skipped "*/*" because it is not a valid MIME type. Check https://developer.mozilla.org/en-US/docs/Web/HTTP/Basics_of_HTTP/MIME_types/Common_types for a list of valid MIME types. @ http://localhost:8000/assets/index-LFVFt-Wr.js:9207
[     486ms] [WARNING] Skipped "*/*" because it is not a valid MIME type. Check https://developer.mozilla.org/en-US/docs/Web/HTTP/Basics_of_HTTP/MIME_types/Common_types for a list of valid MIME types. @ http://localhost:8000/assets/index-LFVFt-Wr.js:9207
[     488ms] [WARNING] Skipped "*/*" because it is not a valid MIME type. Check https://developer.mozilla.org/en-US/docs/Web/HTTP/Basics_of_HTTP/MIME_types/Common_types for a list of valid MIME types. @ http://localhost:8000/assets/index-LFVFt-Wr.js:9207
[     504ms] [WARNING] Skipped "*/*" because it is not a valid MIME type. Check https://developer.mozilla.org/en-US/docs/Web/HTTP/Basics_of_HTTP/MIME_types/Common_types for a list of valid MIME types. @ http://localhost:8000/assets/index-LFVFt-Wr.js:9207
[     506ms] [WARNING] Skipped "*/*" because it is not a valid MIME type. Check https://developer.mozilla.org/en-US/docs/Web/HTTP/Basics_of_HTTP/MIME_types/Common_types for a list of valid MIME types. @ http://localhost:8000/assets/index-LFVFt-Wr.js:9207
[     542ms] [WARNING] Skipped "*/*" because it is not a valid MIME type. Check https://developer.mozilla.org/en-US/docs/Web/HTTP/Basics_of_HTTP/MIME_types/Common_types for a list of valid MIME types. @ http://localhost:8000/assets/index-LFVFt-Wr.js:9207
[     543ms] [WARNING] Skipped "*/*" because it is not a valid MIME type. Check https://developer.mozilla.org/en-US/docs/Web/HTTP/Basics_of_HTTP/MIME_types/Common_types for a list of valid MIME types. @ http://localhost:8000/assets/index-LFVFt-Wr.js:9207
[     546ms] [WARNING] Skipped "*/*" because it is not a valid MIME type. Check https://developer.mozilla.org/en-US/docs/Web/HTTP/Basics_of_HTTP/MIME_types/Common_types for a list of valid MIME types. @ http://localhost:8000/assets/index-LFVFt-Wr.js:9207
[     548ms] [WARNING] Skipped "*/*" because it is not a valid MIME type. Check https://developer.mozilla.org/en-US/docs/Web/HTTP/Basics_of_HTTP/MIME_types/Common_types for a list of valid MIME types. @ http://localhost:8000/assets/index-LFVFt-Wr.js:9207
[     553ms] [WARNING] Skipped "*/*" because it is not a valid MIME type. Check https://developer.mozilla.org/en-US/docs/Web/HTTP/Basics_of_HTTP/MIME_types/Common_types for a list of valid MIME types. @ http://localhost:8000/assets/index-LFVFt-Wr.js:9207
[     555ms] [WARNING] Skipped "*/*" because it is not a valid MIME type. Check https://developer.mozilla.org/en-US/docs/Web/HTTP/Basics_of_HTTP/MIME_types/Common_types for a list of valid MIME types. @ http://localhost:8000/assets/index-LFVFt-Wr.js:9207
[     585ms] [WARNING] Skipped "*/*" because it is not a valid MIME type. Check https://developer.mozilla.org/en-US/docs/Web/HTTP/Basics_of_HTTP/MIME_types/Common_types for a list of valid MIME types. @ http://localhost:8000/assets/index-LFVFt-Wr.js:9207
[     592ms] [WARNING] Skipped "*/*" because it is not a valid MIME type. Check https://developer.mozilla.org/en-US/docs/Web/HTTP/Basics_of_HTTP/MIME_types/Common_types for a list of valid MIME types. @ http://localhost:8000/assets/index-LFVFt-Wr.js:9207
[     603ms] [WARNING] Skipped "*/*" because it is not a valid MIME type. Check https://developer.mozilla.org/en-US/docs/Web/HTTP/Basics_of_HTTP/MIME_types/Common_types for a list of valid MIME types. @ http://localhost:8000/assets/index-LFVFt-Wr.js:9207
[     606ms] [WARNING] Skipped "*/*" because it is not a valid MIME type. Check https://developer.mozilla.org/en-US/docs/Web/HTTP/Basics_of_HTTP/MIME_types/Common_types for a list of valid MIME types. @ http://localhost:8000/assets/index-LFVFt-Wr.js:9207
[     608ms] [WARNING] Skipped "*/*" because it is not a valid MIME type. Check https://developer.mozilla.org/en-US/docs/Web/HTTP/Basics_of_HTTP/MIME_types/Common_types for a list of valid MIME types. @ http://localhost:8000/assets/index-LFVFt-Wr.js:9207
[     613ms] [WARNING] Skipped "*/*" because it is not a valid MIME type. Check https://developer.mozilla.org/en-US/docs/Web/HTTP/Basics_of_HTTP/MIME_types/Common_types for a list of valid MIME types. @ http://localhost:8000/assets/index-LFVFt-Wr.js:9207
[     616ms] [WARNING] Skipped "*/*" because it is not a valid MIME type. Check https://developer.mozilla.org/en-US/docs/Web/HTTP/Basics_of_HTTP/MIME_types/Common_types for a list of valid MIME types. @ http://localhost:8000/assets/index-LFVFt-Wr.js:9207
[   10293ms] [WARNING] Skipped "*/*" because it is not a valid MIME type. Check https://developer.mozilla.org/en-US/docs/Web/HTTP/Basics_of_HTTP/MIME_types/Common_types for a list of valid MIME types. @ http://localhost:8000/assets/index-LFVFt-Wr.js:9207
[   10300ms] [WARNING] Skipped "*/*" because it is not a valid MIME type. Check https://developer.mozilla.org/en-US/docs/Web/HTTP/Basics_of_HTTP/MIME_types/Common_types for a list of valid MIME types. @ http://localhost:8000/assets/index-LFVFt-Wr.js:9207
[   10303ms] [WARNING] Skipped "*/*" because it is not a valid MIME type. Check https://developer.mozilla.org/en-US/docs/Web/HTTP/Basics_of_HTTP/MIME_types/Common_types for a list of valid MIME types. @ http://localhost:8000/assets/index-LFVFt-Wr.js:9207
[   10316ms] [WARNING] Skipped "*/*" because it is not a valid MIME type. Check https://developer.mozilla.org/en-US/docs/Web/HTTP/Basics_of_HTTP/MIME_types/Common_types for a list of valid MIME types. @ http://localhost:8000/assets/index-LFVFt-Wr.js:9207
[   10319ms] [WARNING] Skipped "*/*" because it is not a valid MIME type. Check https://developer.mozilla.org/en-US/docs/Web/HTTP/Basics_of_HTTP/MIME_types/Common_types for a list of valid MIME types. @ http://localhost:8000/assets/index-LFVFt-Wr.js:9207
[   10325ms] [WARNING] Skipped "*/*" because it is not a valid MIME type. Check https://developer.mozilla.org/en-US/docs/Web/HTTP/Basics_of_HTTP/MIME_types/Common_types for a list of valid MIME types. @ http://localhost:8000/assets/index-LFVFt-Wr.js:9207
[   10327ms] [WARNING] Skipped "*/*" because it is not a valid MIME type. Check https://developer.mozilla.org/en-US/docs/Web/HTTP/Basics_of_HTTP/MIME_types/Common_types for a list of valid MIME types. @ http://localhost:8000/assets/index-LFVFt-Wr.js:9207
[   10330ms] [WARNING] Skipped "*/*" because it is not a valid MIME type. Check https://developer.mozilla.org/en-US/docs/Web/HTTP/Basics_of_HTTP/MIME_types/Common_types for a list of valid MIME types. @ http://localhost:8000/assets/index-LFVFt-Wr.js:9207
[   10332ms] [WARNING] Skipped "*/*" because it is not a valid MIME type. Check https://developer.mozilla.org/en-US/docs/Web/HTTP/Basics_of_HTTP/MIME_types/Common_types for a list of valid MIME types. @ http://localhost:8000/assets/index-LFVFt-Wr.js:9207
[   17774ms] [WARNING] Skipped "*/*" because it is not a valid MIME type. Check https://developer.mozilla.org/en-US/docs/Web/HTTP/Basics_of_HTTP/MIME_types/Common_types for a list of valid MIME types. @ http://localhost:8000/assets/index-LFVFt-Wr.js:9207
[   17779ms] [WARNING] Skipped "*/*" because it is not a valid MIME type. Check https://developer.mozilla.org/en-US/docs/Web/HTTP/Basics_of_HTTP/MIME_types/Common_types for a list of valid MIME types. @ http://localhost:8000/assets/index-LFVFt-Wr.js:9207
[   48994ms] [WARNING] Skipped "*/*" because it is not a valid MIME type. Check https://developer.mozilla.org/en-US/docs/Web/HTTP/Basics_of_HTTP/MIME_types/Common_types for a list of valid MIME types. @ http://localhost:8000/assets/index-LFVFt-Wr.js:9207
[   49015ms] [WARNING] Skipped "*/*" because it is not a valid MIME type. Check https://developer.mozilla.org/en-US/docs/Web/HTTP/Basics_of_HTTP/MIME_types/Common_types for a list of valid MIME types. @ http://localhost:8000/assets/index-LFVFt-Wr.js:9207
[   49026ms] [WARNING] Skipped "*/*" because it is not a valid MIME type. Check https://developer.mozilla.org/en-US/docs/Web/HTTP/Basics_of_HTTP/MIME_types/Common_types for a list of valid MIME types. @ http://localhost:8000/assets/index-LFVFt-Wr.js:9207
[   49029ms] [WARNING] Skipped "*/*" because it is not a valid MIME type. Check https://developer.mozilla.org/en-US/docs/Web/HTTP/Basics_of_HTTP/MIME_types/Common_types for a list of valid MIME types. @ http://localhost:8000/assets/index-LFVFt-Wr.js:9207
[   49035ms] [WARNING] Skipped "*/*" because it is not a valid MIME type. Check https://developer.mozilla.org/en-US/docs/Web/HTTP/Basics_of_HTTP/MIME_types/Common_types for a list of valid MIME types. @ http://localhost:8000/assets/index-LFVFt-Wr.js:9207
[   49039ms] [WARNING] Skipped "*/*" because it is not a valid MIME type. Check https://developer.mozilla.org/en-US/docs/Web/HTTP/Basics_of_HTTP/MIME_types/Common_types for a list of valid MIME types. @ http://localhost:8000/assets/index-LFVFt-Wr.js:9207
[  163726ms] [WARNING] Skipped "*/*" because it is not a valid MIME type. Check https://developer.mozilla.org/en-US/docs/Web/HTTP/Basics_of_HTTP/MIME_types/Common_types for a list of valid MIME types. @ http://localhost:8000/assets/index-LFVFt-Wr.js:9207
[  163951ms] [WARNING] Skipped "*/*" because it is not a valid MIME type. Check https://developer.mozilla.org/en-US/docs/Web/HTTP/Basics_of_HTTP/MIME_types/Common_types for a list of valid MIME types. @ http://localhost:8000/assets/index-LFVFt-Wr.js:9207
[  164096ms] [WARNING] Skipped "*/*" because it is not a valid MIME type. Check https://developer.mozilla.org/en-US/docs/Web/HTTP/Basics_of_HTTP/MIME_types/Common_types for a list of valid MIME types. @ http://localhost:8000/assets/index-LFVFt-Wr.js:9207
[  164386ms] [WARNING] Skipped "*/*" because it is not a valid MIME type. Check https://developer.mozilla.org/en-US/docs/Web/HTTP/Basics_of_HTTP/MIME_types/Common_types for a list of valid MIME types. @ http://localhost:8000/assets/index-LFVFt-Wr.js:9207
[  164600ms] [WARNING] Skipped "*/*" because it is not a valid MIME type. Check https://developer.mozilla.org/en-US/docs/Web/HTTP/Basics_of_HTTP/MIME_types/Common_types for a list of valid MIME types. @ http://localhost:8000/assets/index-LFVFt-Wr.js:9207
[  164860ms] [WARNING] Skipped "*/*" because it is not a valid MIME type. Check https://developer.mozilla.org/en-US/docs/Web/HTTP/Basics_of_HTTP/MIME_types/Common_types for a list of valid MIME types. @ http://localhost:8000/assets/index-LFVFt-Wr.js:9207
[  165310ms] [WARNING] Skipped "*/*" because it is not a valid MIME type. Check https://developer.mozilla.org/en-US/docs/Web/HTTP/Basics_of_HTTP/MIME_types/Common_types for a list of valid MIME types. @ http://localhost:8000/assets/index-LFVFt-Wr.js:9207
[  165498ms] [WARNING] Skipped "*/*" because it is not a valid MIME type. Check https://developer.mozilla.org/en-US/docs/Web/HTTP/Basics_of_HTTP/MIME_types/Common_types for a list of valid MIME types. @ http://localhost:8000/assets/index-LFVFt-Wr.js:9207
[  165804ms] [WARNING] Skipped "*/*" because it is not a valid MIME type. Check https://developer.mozilla.org/en-US/docs/Web/HTTP/Basics_of_HTTP/MIME_types/Common_types for a list of valid MIME types. @ http://localhost:8000/assets/index-LFVFt-Wr.js:9207
[  166033ms] [WARNING] Skipped "*/*" because it is not a valid MIME type. Check https://developer.mozilla.org/en-US/docs/Web/HTTP/Basics_of_HTTP/MIME_types/Common_types for a list of valid MIME types. @ http://localhost:8000/assets/index-LFVFt-Wr.js:9207
[  166288ms] [WARNING] Skipped "*/*" because it is not a valid MIME type. Check https://developer.mozilla.org/en-US/docs/Web/HTTP/Basics_of_HTTP/MIME_types/Common_types for a list of valid MIME types. @ http://localhost:8000/assets/index-LFVFt-Wr.js:9207
[  166613ms] [WARNING] Skipped "*/*" because it is not a valid MIME type. Check https://developer.mozilla.org/en-US/docs/Web/HTTP/Basics_of_HTTP/MIME_types/Common_types for a list of valid MIME types. @ http://localhost:8000/assets/index-LFVFt-Wr.js:9207
[  166771ms] [WARNING] Skipped "*/*" because it is not a valid MIME type. Check https://developer.mozilla.org/en-US/docs/Web/HTTP/Basics_of_HTTP/MIME_types/Common_types for a list of valid MIME types. @ http://localhost:8000/assets/index-LFVFt-Wr.js:9207
[  167123ms] [WARNING] Skipped "*/*" because it is not a valid MIME type. Check https://developer.mozilla.org/en-US/docs/Web/HTTP/Basics_of_HTTP/MIME_types/Common_types for a list of valid MIME types. @ http://localhost:8000/assets/index-LFVFt-Wr.js:9207
[  167406ms] [WARNING] Skipped "*/*" because it is not a valid MIME type. Check https://developer.mozilla.org/en-US/docs/Web/HTTP/Basics_of_HTTP/MIME_types/Common_types for a list of valid MIME types. @ http://localhost:8000/assets/index-LFVFt-Wr.js:9207
[  167811ms] [WARNING] Skipped "*/*" because it is not a valid MIME type. Check https://developer.mozilla.org/en-US/docs/Web/HTTP/Basics_of_HTTP/MIME_types/Common_types for a list of valid MIME types. @ http://localhost:8000/assets/index-LFVFt-Wr.js:9207
[  169214ms] [WARNING] Skipped "*/*" because it is not a valid MIME type. Check https://developer.mozilla.org/en-US/docs/Web/HTTP/Basics_of_HTTP/MIME_types/Common_types for a list of valid MIME types. @ http://localhost:8000/assets/index-LFVFt-Wr.js:9207
[  169853ms] [WARNING] Skipped "*/*" because it is not a valid MIME type. Check https://developer.mozilla.org/en-US/docs/Web/HTTP/Basics_of_HTTP/MIME_types/Common_types for a list of valid MIME types. @ http://localhost:8000/assets/index-LFVFt-Wr.js:9207
[  169856ms] [WARNING] Skipped "*/*" because it is not a valid MIME type. Check https://developer.mozilla.org/en-US/docs/Web/HTTP/Basics_of_HTTP/MIME_types/Common_types for a list of valid MIME types. @ http://localhost:8000/assets/index-LFVFt-Wr.js:9207
[  169867ms] [WARNING] Skipped "*/*" because it is not a valid MIME type. Check https://developer.mozilla.org/en-US/docs/Web/HTTP/Basics_of_HTTP/MIME_types/Common_types for a list of valid MIME types. @ http://localhost:8000/assets/index-LFVFt-Wr.js:9207
[  169873ms] [WARNING] Skipped "*/*" because it is not a valid MIME type. Check https://developer.mozilla.org/en-US/docs/Web/HTTP/Basics_of_HTTP/MIME_types/Common_types for a list of valid MIME types. @ http://localhost:8000/assets/index-LFVFt-Wr.js:9207
[  169876ms] [WARNING] Skipped "*/*" because it is not a valid MIME type. Check https://developer.mozilla.org/en-US/docs/Web/HTTP/Basics_of_HTTP/MIME_types/Common_types for a list of valid MIME types. @ http://localhost:8000/assets/index-LFVFt-Wr.js:9207
[  169879ms] [WARNING] Skipped "*/*" because it is not a valid MIME type. Check https://developer.mozilla.org/en-US/docs/Web/HTTP/Basics_of_HTTP/MIME_types/Common_types for a list of valid MIME types. @ http://localhost:8000/assets/index-LFVFt-Wr.js:9207
[  173542ms] [WARNING] Skipped "*/*" because it is not a valid MIME type. Check https://developer.mozilla.org/en-US/docs/Web/HTTP/Basics_of_HTTP/MIME_types/Common_types for a list of valid MIME types. @ http://localhost:8000/assets/index-LFVFt-Wr.js:9207
[  173547ms] [WARNING] Skipped "*/*" because it is not a valid MIME type. Check https://developer.mozilla.org/en-US/docs/Web/HTTP/Basics_of_HTTP/MIME_types/Common_types for a list of valid MIME types. @ http://localhost:8000/assets/index-LFVFt-Wr.js:9207
[  185470ms] [WARNING] Skipped "*/*" because it is not a valid MIME type. Check https://developer.mozilla.org/en-US/docs/Web/HTTP/Basics_of_HTTP/MIME_types/Common_types for a list of valid MIME types. @ http://localhost:8000/assets/index-LFVFt-Wr.js:9207
[  185476ms] [WARNING] Skipped "*/*" because it is not a valid MIME type. Check https://developer.mozilla.org/en-US/docs/Web/HTTP/Basics_of_HTTP/MIME_types/Common_types for a list of valid MIME types. @ http://localhost:8000/assets/index-LFVFt-Wr.js:9207
[  185480ms] [WARNING] Skipped "*/*" because it is not a valid MIME type. Check https://developer.mozilla.org/en-US/docs/Web/HTTP/Basics_of_HTTP/MIME_types/Common_types for a list of valid MIME types. @ http://localhost:8000/assets/index-LFVFt-Wr.js:9207
[  185483ms] [WARNING] Skipped "*/*" because it is not a valid MIME type. Check https://developer.mozilla.org/en-US/docs/Web/HTTP/Basics_of_HTTP/MIME_types/Common_types for a list of valid MIME types. @ http://localhost:8000/assets/index-LFVFt-Wr.js:9207
[  185492ms] [WARNING] Skipped "*/*" because it is not a valid MIME type. Check https://developer.mozilla.org/en-US/docs/Web/HTTP/Basics_of_HTTP/MIME_types/Common_types for a list of valid MIME types. @ http://localhost:8000/assets/index-LFVFt-Wr.js:9207
[  185499ms] [WARNING] Skipped "*/*" because it is not a valid MIME type. Check https://developer.mozilla.org/en-US/docs/Web/HTTP/Basics_of_HTTP/MIME_types/Common_types for a list of valid MIME types. @ http://localhost:8000/assets/index-LFVFt-Wr.js:9207
[  203523ms] [WARNING] Skipped "*/*" because it is not a valid MIME type. Check https://developer.mozilla.org/en-US/docs/Web/HTTP/Basics_of_HTTP/MIME_types/Common_types for a list of valid MIME types. @ http://localhost:8000/assets/index-LFVFt-Wr.js:9207
[  204041ms] [WARNING] Skipped "*/*" because it is not a valid MIME type. Check https://developer.mozilla.org/en-US/docs/Web/HTTP/Basics_of_HTTP/MIME_types/Common_types for a list of valid MIME types. @ http://localhost:8000/assets/index-LFVFt-Wr.js:9207
[  204272ms] [WARNING] Skipped "*/*" because it is not a valid MIME type. Check https://developer.mozilla.org/en-US/docs/Web/HTTP/Basics_of_HTTP/MIME_types/Common_types for a list of valid MIME types. @ http://localhost:8000/assets/index-LFVFt-Wr.js:9207
[  204440ms] [WARNING] Skipped "*/*" because it is not a valid MIME type. Check https://developer.mozilla.org/en-US/docs/Web/HTTP/Basics_of_HTTP/MIME_types/Common_types for a list of valid MIME types. @ http://localhost:8000/assets/index-LFVFt-Wr.js:9207
[  204780ms] [WARNING] Skipped "*/*" because it is not a valid MIME type. Check https://developer.mozilla.org/en-US/docs/Web/HTTP/Basics_of_HTTP/MIME_types/Common_types for a list of valid MIME types. @ http://localhost:8000/assets/index-LFVFt-Wr.js:9207
[  205252ms] [WARNING] Skipped "*/*" because it is not a valid MIME type. Check https://developer.mozilla.org/en-US/docs/Web/HTTP/Basics_of_HTTP/MIME_types/Common_types for a list of valid MIME types. @ http://localhost:8000/assets/index-LFVFt-Wr.js:9207
[  205533ms] [WARNING] Skipped "*/*" because it is not a valid MIME type. Check https://developer.mozilla.org/en-US/docs/Web/HTTP/Basics_of_HTTP/MIME_types/Common_types for a list of valid MIME types. @ http://localhost:8000/assets/index-LFVFt-Wr.js:9207
[  205693ms] [WARNING] Skipped "*/*" because it is not a valid MIME type. Check https://developer.mozilla.org/en-US/docs/Web/HTTP/Basics_of_HTTP/MIME_types/Common_types for a list of valid MIME types. @ http://localhost:8000/assets/index-LFVFt-Wr.js:9207
[  205976ms] [WARNING] Skipped "*/*" because it is not a valid MIME type. Check https://developer.mozilla.org/en-US/docs/Web/HTTP/Basics_of_HTTP/MIME_types/Common_types for a list of valid MIME types. @ http://localhost:8000/assets/index-LFVFt-Wr.js:9207
[  206161ms] [WARNING] Skipped "*/*" because it is not a valid MIME type. Check https://developer.mozilla.org/en-US/docs/Web/HTTP/Basics_of_HTTP/MIME_types/Common_types for a list of valid MIME types. @ http://localhost:8000/assets/index-LFVFt-Wr.js:9207
[  206540ms] [WARNING] Skipped "*/*" because it is not a valid MIME type. Check https://developer.mozilla.org/en-US/docs/Web/HTTP/Basics_of_HTTP/MIME_types/Common_types for a list of valid MIME types. @ http://localhost:8000/assets/index-LFVFt-Wr.js:9207
[  206834ms] [WARNING] Skipped "*/*" because it is not a valid MIME type. Check https://developer.mozilla.org/en-US/docs/Web/HTTP/Basics_of_HTTP/MIME_types/Common_types for a list of valid MIME types. @ http://localhost:8000/assets/index-LFVFt-Wr.js:9207
[  207303ms] [WARNING] Skipped "*/*" because it is not a valid MIME type. Check https://developer.mozilla.org/en-US/docs/Web/HTTP/Basics_of_HTTP/MIME_types/Common_types for a list of valid MIME types. @ http://localhost:8000/assets/index-LFVFt-Wr.js:9207
[  207491ms] [WARNING] Skipped "*/*" because it is not a valid MIME type. Check https://developer.mozilla.org/en-US/docs/Web/HTTP/Basics_of_HTTP/MIME_types/Common_types for a list of valid MIME types. @ http://localhost:8000/assets/index-LFVFt-Wr.js:9207
[  207638ms] [WARNING] Skipped "*/*" because it is not a valid MIME type. Check https://developer.mozilla.org/en-US/docs/Web/HTTP/Basics_of_HTTP/MIME_types/Common_types for a list of valid MIME types. @ http://localhost:8000/assets/index-LFVFt-Wr.js:9207
[  207959ms] [WARNING] Skipped "*/*" because it is not a valid MIME type. Check https://developer.mozilla.org/en-US/docs/Web/HTTP/Basics_of_HTTP/MIME_types/Common_types for a list of valid MIME types. @ http://localhost:8000/assets/index-LFVFt-Wr.js:9207
[  208081ms] [WARNING] Skipped "*/*" because it is not a valid MIME type. Check https://developer.mozilla.org/en-US/docs/Web/HTTP/Basics_of_HTTP/MIME_types/Common_types for a list of valid MIME types. @ http://localhost:8000/assets/index-LFVFt-Wr.js:9207
[  208267ms] [WARNING] Skipped "*/*" because it is not a valid MIME type. Check https://developer.mozilla.org/en-US/docs/Web/HTTP/Basics_of_HTTP/MIME_types/Common_types for a list of valid MIME types. @ http://localhost:8000/assets/index-LFVFt-Wr.js:9207
[  208634ms] [WARNING] Skipped "*/*" because it is not a valid MIME type. Check https://developer.mozilla.org/en-US/docs/Web/HTTP/Basics_of_HTTP/MIME_types/Common_types for a list of valid MIME types. @ http://localhost:8000/assets/index-LFVFt-Wr.js:9207
[  209124ms] [WARNING] Skipped "*/*" because it is not a valid MIME type. Check https://developer.mozilla.org/en-US/docs/Web/HTTP/Basics_of_HTTP/MIME_types/Common_types for a list of valid MIME types. @ http://localhost:8000/assets/index-LFVFt-Wr.js:9207
[  209129ms] [WARNING] Skipped "*/*" because it is not a valid MIME type. Check https://developer.mozilla.org/en-US/docs/Web/HTTP/Basics_of_HTTP/MIME_types/Common_types for a list of valid MIME types. @ http://localhost:8000/assets/index-LFVFt-Wr.js:9207
[  209139ms] [WARNING] Skipped "*/*" because it is not a valid MIME type. Check https://developer.mozilla.org/en-US/docs/Web/HTTP/Basics_of_HTTP/MIME_types/Common_types for a list of valid MIME types. @ http://localhost:8000/assets/index-LFVFt-Wr.js:9207
[  209145ms] [WARNING] Skipped "*/*" because it is not a valid MIME type. Check https://developer.mozilla.org/en-US/docs/Web/HTTP/Basics_of_HTTP/MIME_types/Common_types for a list of valid MIME types. @ http://localhost:8000/assets/index-LFVFt-Wr.js:9207
[  209150ms] [WARNING] Skipped "*/*" because it is not a valid MIME type. Check https://developer.mozilla.org/en-US/docs/Web/HTTP/Basics_of_HTTP/MIME_types/Common_types for a list of valid MIME types. @ http://localhost:8000/assets/index-LFVFt-Wr.js:9207
[  209152ms] [WARNING] Skipped "*/*" because it is not a valid MIME type. Check https://developer.mozilla.org/en-US/docs/Web/HTTP/Basics_of_HTTP/MIME_types/Common_types for a list of valid MIME types. @ http://localhost:8000/assets/index-LFVFt-Wr.js:9207
[  214984ms] [WARNING] Skipped "*/*" because it is not a valid MIME type. Check https://developer.mozilla.org/en-US/docs/Web/HTTP/Basics_of_HTTP/MIME_types/Common_types for a list of valid MIME types. @ http://localhost:8000/assets/index-LFVFt-Wr.js:9207
[  214990ms] [WARNING] Skipped "*/*" because it is not a valid MIME type. Check https://developer.mozilla.org/en-US/docs/Web/HTTP/Basics_of_HTTP/MIME_types/Common_types for a list of valid MIME types. @ http://localhost:8000/assets/index-LFVFt-Wr.js:9207
[  226318ms] [WARNING] Skipped "*/*" because it is not a valid MIME type. Check https://developer.mozilla.org/en-US/docs/Web/HTTP/Basics_of_HTTP/MIME_types/Common_types for a list of valid MIME types. @ http://localhost:8000/assets/index-LFVFt-Wr.js:9207
[  226325ms] [WARNING] Skipped "*/*" because it is not a valid MIME type. Check https://developer.mozilla.org/en-US/docs/Web/HTTP/Basics_of_HTTP/MIME_types/Common_types for a list of valid MIME types. @ http://localhost:8000/assets/index-LFVFt-Wr.js:9207
[  229660ms] [WARNING] Skipped "*/*" because it is not a valid MIME type. Check https://developer.mozilla.org/en-US/docs/Web/HTTP/Basics_of_HTTP/MIME_types/Common_types for a list of valid MIME types. @ http://localhost:8000/assets/index-LFVFt-Wr.js:9207
[  229669ms] [WARNING] Skipped "*/*" because it is not a valid MIME type. Check https://developer.mozilla.org/en-US/docs/Web/HTTP/Basics_of_HTTP/MIME_types/Common_types for a list of valid MIME types. @ http://localhost:8000/assets/index-LFVFt-Wr.js:9207
[  233352ms] [WARNING] Skipped "*/*" because it is not a valid MIME type. Check https://developer.mozilla.org/en-US/docs/Web/HTTP/Basics_of_HTTP/MIME_types/Common_types for a list of valid MIME types. @ http://localhost:8000/assets/index-LFVFt-Wr.js:9207
[  233360ms] [WARNING] Skipped "*/*" because it is not a valid MIME type. Check https://developer.mozilla.org/en-US/docs/Web/HTTP/Basics_of_HTTP/MIME_types/Common_types for a list of valid MIME types. @ http://localhost:8000/assets/index-LFVFt-Wr.js:9207
[  233368ms] [WARNING] Skipped "*/*" because it is not a valid MIME type. Check https://developer.mozilla.org/en-US/docs/Web/HTTP/Basics_of_HTTP/MIME_types/Common_types for a list of valid MIME types. @ http://localhost:8000/assets/index-LFVFt-Wr.js:9207
[  233372ms] [WARNING] Skipped "*/*" because it is not a valid MIME type. Check https://developer.mozilla.org/en-US/docs/Web/HTTP/Basics_of_HTTP/MIME_types/Common_types for a list of valid MIME types. @ http://localhost:8000/assets/index-LFVFt-Wr.js:9207
[  233379ms] [WARNING] Skipped "*/*" because it is not a valid MIME type. Check https://developer.mozilla.org/en-US/docs/Web/HTTP/Basics_of_HTTP/MIME_types/Common_types for a list of valid MIME types. @ http://localhost:8000/assets/index-LFVFt-Wr.js:9207
[  233384ms] [WARNING] Skipped "*/*" because it is not a valid MIME type. Check https://developer.mozilla.org/en-US/docs/Web/HTTP/Basics_of_HTTP/MIME_types/Common_types for a list of valid MIME types. @ http://localhost:8000/assets/index-LFVFt-Wr.js:9207
[ 1012589ms] [LOG] 🚀 Transcription bridge starting... @ http://localhost:8000/public/script.js:35
[ 1012590ms] [LOG] 🚀 Transcription bridge initialized (Robust Mode). Watching for .transcription-signal... @ http://localhost:8000/public/script.js:76
[ 1074861ms] [WARNING] Skipped "*/*" because it is not a valid MIME type. Check https://developer.mozilla.org/en-US/docs/Web/HTTP/Basics_of_HTTP/MIME_types/Common_types for a list of valid MIME types. @ http://localhost:8000/assets/index-LFVFt-Wr.js:9207
[ 1074865ms] [WARNING] Skipped "*/*" because it is not a valid MIME type. Check https://developer.mozilla.org/en-US/docs/Web/HTTP/Basics_of_HTTP/MIME_types/Common_types for a list of valid MIME types. @ http://localhost:8000/assets/index-LFVFt-Wr.js:9207
[ 1074885ms] [WARNING] Skipped "*/*" because it is not a valid MIME type. Check https://developer.mozilla.org/en-US/docs/Web/HTTP/Basics_of_HTTP/MIME_types/Common_types for a list of valid MIME types. @ http://localhost:8000/assets/index-LFVFt-Wr.js:9207
[ 1075091ms] [WARNING] Skipped "*/*" because it is not a valid MIME type. Check https://developer.mozilla.org/en-US/docs/Web/HTTP/Basics_of_HTTP/MIME_types/Common_types for a list of valid MIME types. @ http://localhost:8000/assets/index-LFVFt-Wr.js:9207
[ 1075093ms] [WARNING] Skipped "*/*" because it is not a valid MIME type. Check https://developer.mozilla.org/en-US/docs/Web/HTTP/Basics_of_HTTP/MIME_types/Common_types for a list of valid MIME types. @ http://localhost:8000/assets/index-LFVFt-Wr.js:9207
[ 1075114ms] [WARNING] Skipped "*/*" because it is not a valid MIME type. Check https://developer.mozilla.org/en-US/docs/Web/HTTP/Basics_of_HTTP/MIME_types/Common_types for a list of valid MIME types. @ http://localhost:8000/assets/index-LFVFt-Wr.js:9207
[ 1075117ms] [WARNING] Skipped "*/*" because it is not a valid MIME type. Check https://developer.mozilla.org/en-US/docs/Web/HTTP/Basics_of_HTTP/MIME_types/Common_types for a list of valid MIME types. @ http://localhost:8000/assets/index-LFVFt-Wr.js:9207
[ 1075157ms] [WARNING] Skipped "*/*" because it is not a valid MIME type. Check https://developer.mozilla.org/en-US/docs/Web/HTTP/Basics_of_HTTP/MIME_types/Common_types for a list of valid MIME types. @ http://localhost:8000/assets/index-LFVFt-Wr.js:9207
[ 1075160ms] [WARNING] Skipped "*/*" because it is not a valid MIME type. Check https://developer.mozilla.org/en-US/docs/Web/HTTP/Basics_of_HTTP/MIME_types/Common_types for a list of valid MIME types. @ http://localhost:8000/assets/index-LFVFt-Wr.js:9207
[ 1075164ms] [WARNING] Skipped "*/*" because it is not a valid MIME type. Check https://developer.mozilla.org/en-US/docs/Web/HTTP/Basics_of_HTTP/MIME_types/Common_types for a list of valid MIME types. @ http://localhost:8000/assets/index-LFVFt-Wr.js:9207
[ 1075166ms] [WARNING] Skipped "*/*" because it is not a valid MIME type. Check https://developer.mozilla.org/en-US/docs/Web/HTTP/Basics_of_HTTP/MIME_types/Common_types for a list of valid MIME types. @ http://localhost:8000/assets/index-LFVFt-Wr.js:9207
[ 1075174ms] [WARNING] Skipped "*/*" because it is not a valid MIME type. Check https://developer.mozilla.org/en-US/docs/Web/HTTP/Basics_of_HTTP/MIME_types/Common_types for a list of valid MIME types. @ http://localhost:8000/assets/index-LFVFt-Wr.js:9207
[ 1075176ms] [WARNING] Skipped "*/*" because it is not a valid MIME type. Check https://developer.mozilla.org/en-US/docs/Web/HTTP/Basics_of_HTTP/MIME_types/Common_types for a list of valid MIME types. @ http://localhost:8000/assets/index-LFVFt-Wr.js:9207
[ 1075193ms] [WARNING] Skipped "*/*" because it is not a valid MIME type. Check https://developer.mozilla.org/en-US/docs/Web/HTTP/Basics_of_HTTP/MIME_types/Common_types for a list of valid MIME types. @ http://localhost:8000/assets/index-LFVFt-Wr.js:9207
[ 1075202ms] [WARNING] Skipped "*/*" because it is not a valid MIME type. Check https://developer.mozilla.org/en-US/docs/Web/HTTP/Basics_of_HTTP/MIME_types/Common_types for a list of valid MIME types. @ http://localhost:8000/assets/index-LFVFt-Wr.js:9207
[ 1075214ms] [WARNING] Skipped "*/*" because it is not a valid MIME type. Check https://developer.mozilla.org/en-US/docs/Web/HTTP/Basics_of_HTTP/MIME_types/Common_types for a list of valid MIME types. @ http://localhost:8000/assets/index-LFVFt-Wr.js:9207
[ 1075217ms] [WARNING] Skipped "*/*" because it is not a valid MIME type. Check https://developer.mozilla.org/en-US/docs/Web/HTTP/Basics_of_HTTP/MIME_types/Common_types for a list of valid MIME types. @ http://localhost:8000/assets/index-LFVFt-Wr.js:9207
[ 1075219ms] [WARNING] Skipped "*/*" because it is not a valid MIME type. Check https://developer.mozilla.org/en-US/docs/Web/HTTP/Basics_of_HTTP/MIME_types/Common_types for a list of valid MIME types. @ http://localhost:8000/assets/index-LFVFt-Wr.js:9207
[ 1075226ms] [WARNING] Skipped "*/*" because it is not a valid MIME type. Check https://developer.mozilla.org/en-US/docs/Web/HTTP/Basics_of_HTTP/MIME_types/Common_types for a list of valid MIME types. @ http://localhost:8000/assets/index-LFVFt-Wr.js:9207
[ 1075228ms] [WARNING] Skipped "*/*" because it is not a valid MIME type. Check https://developer.mozilla.org/en-US/docs/Web/HTTP/Basics_of_HTTP/MIME_types/Common_types for a list of valid MIME types. @ http://localhost:8000/assets/index-LFVFt-Wr.js:9207
[ 1227281ms] [LOG] 🚀 Transcription bridge starting... @ http://localhost:8000/public/script.js:35
[ 1227281ms] [LOG] 🚀 Transcription bridge initialized (Robust Mode). Watching for .transcription-signal... @ http://localhost:8000/public/script.js:76
[ 1227679ms] [WARNING] Skipped "*/*" because it is not a valid MIME type. Check https://developer.mozilla.org/en-US/docs/Web/HTTP/Basics_of_HTTP/MIME_types/Common_types for a list of valid MIME types. @ http://localhost:8000/assets/index-LFVFt-Wr.js:9207
[ 1227682ms] [WARNING] Skipped "*/*" because it is not a valid MIME type. Check https://developer.mozilla.org/en-US/docs/Web/HTTP/Basics_of_HTTP/MIME_types/Common_types for a list of valid MIME types. @ http://localhost:8000/assets/index-LFVFt-Wr.js:9207
[ 1227707ms] [WARNING] Skipped "*/*" because it is not a valid MIME type. Check https://developer.mozilla.org/en-US/docs/Web/HTTP/Basics_of_HTTP/MIME_types/Common_types for a list of valid MIME types. @ http://localhost:8000/assets/index-LFVFt-Wr.js:9207
[ 1227902ms] [WARNING] Skipped "*/*" because it is not a valid MIME type. Check https://developer.mozilla.org/en-US/docs/Web/HTTP/Basics_of_HTTP/MIME_types/Common_types for a list of valid MIME types. @ http://localhost:8000/assets/index-LFVFt-Wr.js:9207
[ 1227904ms] [WARNING] Skipped "*/*" because it is not a valid MIME type. Check https://developer.mozilla.org/en-US/docs/Web/HTTP/Basics_of_HTTP/MIME_types/Common_types for a list of valid MIME types. @ http://localhost:8000/assets/index-LFVFt-Wr.js:9207
[ 1227918ms] [WARNING] Skipped "*/*" because it is not a valid MIME type. Check https://developer.mozilla.org/en-US/docs/Web/HTTP/Basics_of_HTTP/MIME_types/Common_types for a list of valid MIME types. @ http://localhost:8000/assets/index-LFVFt-Wr.js:9207
[ 1227920ms] [WARNING] Skipped "*/*" because it is not a valid MIME type. Check https://developer.mozilla.org/en-US/docs/Web/HTTP/Basics_of_HTTP/MIME_types/Common_types for a list of valid MIME types. @ http://localhost:8000/assets/index-LFVFt-Wr.js:9207
[ 1227953ms] [WARNING] Skipped "*/*" because it is not a valid MIME type. Check https://developer.mozilla.org/en-US/docs/Web/HTTP/Basics_of_HTTP/MIME_types/Common_types for a list of valid MIME types. @ http://localhost:8000/assets/index-LFVFt-Wr.js:9207
[ 1227955ms] [WARNING] Skipped "*/*" because it is not a valid MIME type. Check https://developer.mozilla.org/en-US/docs/Web/HTTP/Basics_of_HTTP/MIME_types/Common_types for a list of valid MIME types. @ http://localhost:8000/assets/index-LFVFt-Wr.js:9207
[ 1227960ms] [WARNING] Skipped "*/*" because it is not a valid MIME type. Check https://developer.mozilla.org/en-US/docs/Web/HTTP/Basics_of_HTTP/MIME_types/Common_types for a list of valid MIME types. @ http://localhost:8000/assets/index-LFVFt-Wr.js:9207
[ 1227962ms] [WARNING] Skipped "*/*" because it is not a valid MIME type. Check https://developer.mozilla.org/en-US/docs/Web/HTTP/Basics_of_HTTP/MIME_types/Common_types for a list of valid MIME types. @ http://localhost:8000/assets/index-LFVFt-Wr.js:9207
[ 1227968ms] [WARNING] Skipped "*/*" because it is not a valid MIME type. Check https://developer.mozilla.org/en-US/docs/Web/HTTP/Basics_of_HTTP/MIME_types/Common_types for a list of valid MIME types. @ http://localhost:8000/assets/index-LFVFt-Wr.js:9207
[ 1227970ms] [WARNING] Skipped "*/*" because it is not a valid MIME type. Check https://developer.mozilla.org/en-US/docs/Web/HTTP/Basics_of_HTTP/MIME_types/Common_types for a list of valid MIME types. @ http://localhost:8000/assets/index-LFVFt-Wr.js:9207
[ 1227981ms] [WARNING] Skipped "*/*" because it is not a valid MIME type. Check https://developer.mozilla.org/en-US/docs/Web/HTTP/Basics_of_HTTP/MIME_types/Common_types for a list of valid MIME types. @ http://localhost:8000/assets/index-LFVFt-Wr.js:9207
[ 1227990ms] [WARNING] Skipped "*/*" because it is not a valid MIME type. Check https://developer.mozilla.org/en-US/docs/Web/HTTP/Basics_of_HTTP/MIME_types/Common_types for a list of valid MIME types. @ http://localhost:8000/assets/index-LFVFt-Wr.js:9207
[ 1228002ms] [WARNING] Skipped "*/*" because it is not a valid MIME type. Check https://developer.mozilla.org/en-US/docs/Web/HTTP/Basics_of_HTTP/MIME_types/Common_types for a list of valid MIME types. @ http://localhost:8000/assets/index-LFVFt-Wr.js:9207
[ 1228006ms] [WARNING] Skipped "*/*" because it is not a valid MIME type. Check https://developer.mozilla.org/en-US/docs/Web/HTTP/Basics_of_HTTP/MIME_types/Common_types for a list of valid MIME types. @ http://localhost:8000/assets/index-LFVFt-Wr.js:9207
[ 1228009ms] [WARNING] Skipped "*/*" because it is not a valid MIME type. Check https://developer.mozilla.org/en-US/docs/Web/HTTP/Basics_of_HTTP/MIME_types/Common_types for a list of valid MIME types. @ http://localhost:8000/assets/index-LFVFt-Wr.js:9207
[ 1228014ms] [WARNING] Skipped "*/*" because it is not a valid MIME type. Check https://developer.mozilla.org/en-US/docs/Web/HTTP/Basics_of_HTTP/MIME_types/Common_types for a list of valid MIME types. @ http://localhost:8000/assets/index-LFVFt-Wr.js:9207
[ 1228017ms] [WARNING] Skipped "*/*" because it is not a valid MIME type. Check https://developer.mozilla.org/en-US/docs/Web/HTTP/Basics_of_HTTP/MIME_types/Common_types for a list of valid MIME types. @ http://localhost:8000/assets/index-LFVFt-Wr.js:9207
[ 1229954ms] [LOG] 🚀 Transcription bridge starting... @ http://localhost:8000/public/script.js:35
[ 1229954ms] [LOG] 🚀 Transcription bridge initialized (Robust Mode). Watching for .transcription-signal... @ http://localhost:8000/public/script.js:76
[ 1230038ms] [WARNING] Skipped "*/*" because it is not a valid MIME type. Check https://developer.mozilla.org/en-US/docs/Web/HTTP/Basics_of_HTTP/MIME_types/Common_types for a list of valid MIME types. @ http://localhost:8000/assets/index-LFVFt-Wr.js:9207
[ 1230043ms] [WARNING] Skipped "*/*" because it is not a valid MIME type. Check https://developer.mozilla.org/en-US/docs/Web/HTTP/Basics_of_HTTP/MIME_types/Common_types for a list of valid MIME types. @ http://localhost:8000/assets/index-LFVFt-Wr.js:9207
[ 1230062ms] [WARNING] Skipped "*/*" because it is not a valid MIME type. Check https://developer.mozilla.org/en-US/docs/Web/HTTP/Basics_of_HTTP/MIME_types/Common_types for a list of valid MIME types. @ http://localhost:8000/assets/index-LFVFt-Wr.js:9207
[ 1230266ms] [WARNING] Skipped "*/*" because it is not a valid MIME type. Check https://developer.mozilla.org/en-US/docs/Web/HTTP/Basics_of_HTTP/MIME_types/Common_types for a list of valid MIME types. @ http://localhost:8000/assets/index-LFVFt-Wr.js:9207
[ 1230268ms] [WARNING] Skipped "*/*" because it is not a valid MIME type. Check https://developer.mozilla.org/en-US/docs/Web/HTTP/Basics_of_HTTP/MIME_types/Common_types for a list of valid MIME types. @ http://localhost:8000/assets/index-LFVFt-Wr.js:9207
[ 1230279ms] [WARNING] Skipped "*/*" because it is not a valid MIME type. Check https://developer.mozilla.org/en-US/docs/Web/HTTP/Basics_of_HTTP/MIME_types/Common_types for a list of valid MIME types. @ http://localhost:8000/assets/index-LFVFt-Wr.js:9207
[ 1230282ms] [WARNING] Skipped "*/*" because it is not a valid MIME type. Check https://developer.mozilla.org/en-US/docs/Web/HTTP/Basics_of_HTTP/MIME_types/Common_types for a list of valid MIME types. @ http://localhost:8000/assets/index-LFVFt-Wr.js:9207
[ 1230310ms] [WARNING] Skipped "*/*" because it is not a valid MIME type. Check https://developer.mozilla.org/en-US/docs/Web/HTTP/Basics_of_HTTP/MIME_types/Common_types for a list of valid MIME types. @ http://localhost:8000/assets/index-LFVFt-Wr.js:9207
[ 1230311ms] [WARNING] Skipped "*/*" because it is not a valid MIME type. Check https://developer.mozilla.org/en-US/docs/Web/HTTP/Basics_of_HTTP/MIME_types/Common_types for a list of valid MIME types. @ http://localhost:8000/assets/index-LFVFt-Wr.js:9207
[ 1230315ms] [WARNING] Skipped "*/*" because it is not a valid MIME type. Check https://developer.mozilla.org/en-US/docs/Web/HTTP/Basics_of_HTTP/MIME_types/Common_types for a list of valid MIME types. @ http://localhost:8000/assets/index-LFVFt-Wr.js:9207
[ 1230316ms] [WARNING] Skipped "*/*" because it is not a valid MIME type. Check https://developer.mozilla.org/en-US/docs/Web/HTTP/Basics_of_HTTP/MIME_types/Common_types for a list of valid MIME types. @ http://localhost:8000/assets/index-LFVFt-Wr.js:9207
[ 1230320ms] [WARNING] Skipped "*/*" because it is not a valid MIME type. Check https://developer.mozilla.org/en-US/docs/Web/HTTP/Basics_of_HTTP/MIME_types/Common_types for a list of valid MIME types. @ http://localhost:8000/assets/index-LFVFt-Wr.js:9207
[ 1230322ms] [WARNING] Skipped "*/*" because it is not a valid MIME type. Check https://developer.mozilla.org/en-US/docs/Web/HTTP/Basics_of_HTTP/MIME_types/Common_types for a list of valid MIME types. @ http://localhost:8000/assets/index-LFVFt-Wr.js:9207
[ 1230335ms] [WARNING] Skipped "*/*" because it is not a valid MIME type. Check https://developer.mozilla.org/en-US/docs/Web/HTTP/Basics_of_HTTP/MIME_types/Common_types for a list of valid MIME types. @ http://localhost:8000/assets/index-LFVFt-Wr.js:9207
[ 1230342ms] [WARNING] Skipped "*/*" because it is not a valid MIME type. Check https://developer.mozilla.org/en-US/docs/Web/HTTP/Basics_of_HTTP/MIME_types/Common_types for a list of valid MIME types. @ http://localhost:8000/assets/index-LFVFt-Wr.js:9207
[ 1230351ms] [WARNING] Skipped "*/*" because it is not a valid MIME type. Check https://developer.mozilla.org/en-US/docs/Web/HTTP/Basics_of_HTTP/MIME_types/Common_types for a list of valid MIME types. @ http://localhost:8000/assets/index-LFVFt-Wr.js:9207
[ 1230355ms] [WARNING] Skipped "*/*" because it is not a valid MIME type. Check https://developer.mozilla.org/en-US/docs/Web/HTTP/Basics_of_HTTP/MIME_types/Common_types for a list of valid MIME types. @ http://localhost:8000/assets/index-LFVFt-Wr.js:9207
[ 1230358ms] [WARNING] Skipped "*/*" because it is not a valid MIME type. Check https://developer.mozilla.org/en-US/docs/Web/HTTP/Basics_of_HTTP/MIME_types/Common_types for a list of valid MIME types. @ http://localhost:8000/assets/index-LFVFt-Wr.js:9207
[ 1230363ms] [WARNING] Skipped "*/*" because it is not a valid MIME type. Check https://developer.mozilla.org/en-US/docs/Web/HTTP/Basics_of_HTTP/MIME_types/Common_types for a list of valid MIME types. @ http://localhost:8000/assets/index-LFVFt-Wr.js:9207
[ 1230371ms] [WARNING] Skipped "*/*" because it is not a valid MIME type. Check https://developer.mozilla.org/en-US/docs/Web/HTTP/Basics_of_HTTP/MIME_types/Common_types for a list of valid MIME types. @ http://localhost:8000/assets/index-LFVFt-Wr.js:9207
[ 1741393ms] [LOG] 🚀 Transcription bridge starting... @ http://localhost:8000/public/script.js:35
[ 1741394ms] [LOG] 🚀 Transcription bridge initialized (Robust Mode). Watching for .transcription-signal... @ http://localhost:8000/public/script.js:76
[ 1741698ms] [WARNING] Skipped "*/*" because it is not a valid MIME type. Check https://developer.mozilla.org/en-US/docs/Web/HTTP/Basics_of_HTTP/MIME_types/Common_types for a list of valid MIME types. @ http://localhost:8000/assets/index-LFVFt-Wr.js:9207
[ 1741703ms] [WARNING] Skipped "*/*" because it is not a valid MIME type. Check https://developer.mozilla.org/en-US/docs/Web/HTTP/Basics_of_HTTP/MIME_types/Common_types for a list of valid MIME types. @ http://localhost:8000/assets/index-LFVFt-Wr.js:9207
[ 1741723ms] [WARNING] Skipped "*/*" because it is not a valid MIME type. Check https://developer.mozilla.org/en-US/docs/Web/HTTP/Basics_of_HTTP/MIME_types/Common_types for a list of valid MIME types. @ http://localhost:8000/assets/index-LFVFt-Wr.js:9207
[ 1741925ms] [WARNING] Skipped "*/*" because it is not a valid MIME type. Check https://developer.mozilla.org/en-US/docs/Web/HTTP/Basics_of_HTTP/MIME_types/Common_types for a list of valid MIME types. @ http://localhost:8000/assets/index-LFVFt-Wr.js:9207
[ 1741927ms] [WARNING] Skipped "*/*" because it is not a valid MIME type. Check https://developer.mozilla.org/en-US/docs/Web/HTTP/Basics_of_HTTP/MIME_types/Common_types for a list of valid MIME types. @ http://localhost:8000/assets/index-LFVFt-Wr.js:9207
[ 1741940ms] [WARNING] Skipped "*/*" because it is not a valid MIME type. Check https://developer.mozilla.org/en-US/docs/Web/HTTP/Basics_of_HTTP/MIME_types/Common_types for a list of valid MIME types. @ http://localhost:8000/assets/index-LFVFt-Wr.js:9207
[ 1741942ms] [WARNING] Skipped "*/*" because it is not a valid MIME type. Check https://developer.mozilla.org/en-US/docs/Web/HTTP/Basics_of_HTTP/MIME_types/Common_types for a list of valid MIME types. @ http://localhost:8000/assets/index-LFVFt-Wr.js:9207
[ 1741970ms] [WARNING] Skipped "*/*" because it is not a valid MIME type. Check https://developer.mozilla.org/en-US/docs/Web/HTTP/Basics_of_HTTP/MIME_types/Common_types for a list of valid MIME types. @ http://localhost:8000/assets/index-LFVFt-Wr.js:9207
[ 1741973ms] [WARNING] Skipped "*/*" because it is not a valid MIME type. Check https://developer.mozilla.org/en-US/docs/Web/HTTP/Basics_of_HTTP/MIME_types/Common_types for a list of valid MIME types. @ http://localhost:8000/assets/index-LFVFt-Wr.js:9207
[ 1741978ms] [WARNING] Skipped "*/*" because it is not a valid MIME type. Check https://developer.mozilla.org/en-US/docs/Web/HTTP/Basics_of_HTTP/MIME_types/Common_types for a list of valid MIME types. @ http://localhost:8000/assets/index-LFVFt-Wr.js:9207
[ 1741980ms] [WARNING] Skipped "*/*" because it is not a valid MIME type. Check https://developer.mozilla.org/en-US/docs/Web/HTTP/Basics_of_HTTP/MIME_types/Common_types for a list of valid MIME types. @ http://localhost:8000/assets/index-LFVFt-Wr.js:9207
[ 1741991ms] [WARNING] Skipped "*/*" because it is not a valid MIME type. Check https://developer.mozilla.org/en-US/docs/Web/HTTP/Basics_of_HTTP/MIME_types/Common_types for a list of valid MIME types. @ http://localhost:8000/assets/index-LFVFt-Wr.js:9207
[ 1741993ms] [WARNING] Skipped "*/*" because it is not a valid MIME type. Check https://developer.mozilla.org/en-US/docs/Web/HTTP/Basics_of_HTTP/MIME_types/Common_types for a list of valid MIME types. @ http://localhost:8000/assets/index-LFVFt-Wr.js:9207
[ 1742010ms] [WARNING] Skipped "*/*" because it is not a valid MIME type. Check https://developer.mozilla.org/en-US/docs/Web/HTTP/Basics_of_HTTP/MIME_types/Common_types for a list of valid MIME types. @ http://localhost:8000/assets/index-LFVFt-Wr.js:9207
[ 1742021ms] [WARNING] Skipped "*/*" because it is not a valid MIME type. Check https://developer.mozilla.org/en-US/docs/Web/HTTP/Basics_of_HTTP/MIME_types/Common_types for a list of valid MIME types. @ http://localhost:8000/assets/index-LFVFt-Wr.js:9207
[ 1742032ms] [WARNING] Skipped "*/*" because it is not a valid MIME type. Check https://developer.mozilla.org/en-US/docs/Web/HTTP/Basics_of_HTTP/MIME_types/Common_types for a list of valid MIME types. @ http://localhost:8000/assets/index-LFVFt-Wr.js:9207
[ 1742035ms] [WARNING] Skipped "*/*" because it is not a valid MIME type. Check https://developer.mozilla.org/en-US/docs/Web/HTTP/Basics_of_HTTP/MIME_types/Common_types for a list of valid MIME types. @ http://localhost:8000/assets/index-LFVFt-Wr.js:9207
[ 1742039ms] [WARNING] Skipped "*/*" because it is not a valid MIME type. Check https://developer.mozilla.org/en-US/docs/Web/HTTP/Basics_of_HTTP/MIME_types/Common_types for a list of valid MIME types. @ http://localhost:8000/assets/index-LFVFt-Wr.js:9207
[ 1742046ms] [WARNING] Skipped "*/*" because it is not a valid MIME type. Check https://developer.mozilla.org/en-US/docs/Web/HTTP/Basics_of_HTTP/MIME_types/Common_types for a list of valid MIME types. @ http://localhost:8000/assets/index-LFVFt-Wr.js:9207
[ 1742049ms] [WARNING] Skipped "*/*" because it is not a valid MIME type. Check https://developer.mozilla.org/en-US/docs/Web/HTTP/Basics_of_HTTP/MIME_types/Common_types for a list of valid MIME types. @ http://localhost:8000/assets/index-LFVFt-Wr.js:9207
[ 1811601ms] [LOG] 🚀 Transcription bridge starting... @ http://localhost:8000/public/script.js:35
[ 1811601ms] [LOG] 🚀 Transcription bridge initialized (Robust Mode). Watching for .transcription-signal... @ http://localhost:8000/public/script.js:76
[ 1811915ms] [WARNING] Skipped "*/*" because it is not a valid MIME type. Check https://developer.mozilla.org/en-US/docs/Web/HTTP/Basics_of_HTTP/MIME_types/Common_types for a list of valid MIME types. @ http://localhost:8000/assets/index-LFVFt-Wr.js:9207
[ 1811920ms] [WARNING] Skipped "*/*" because it is not a valid MIME type. Check https://developer.mozilla.org/en-US/docs/Web/HTTP/Basics_of_HTTP/MIME_types/Common_types for a list of valid MIME types. @ http://localhost:8000/assets/index-LFVFt-Wr.js:9207
[ 1811943ms] [WARNING] Skipped "*/*" because it is not a valid MIME type. Check https://developer.mozilla.org/en-US/docs/Web/HTTP/Basics_of_HTTP/MIME_types/Common_types for a list of valid MIME types. @ http://localhost:8000/assets/index-LFVFt-Wr.js:9207
[ 1812141ms] [WARNING] Skipped "*/*" because it is not a valid MIME type. Check https://developer.mozilla.org/en-US/docs/Web/HTTP/Basics_of_HTTP/MIME_types/Common_types for a list of valid MIME types. @ http://localhost:8000/assets/index-LFVFt-Wr.js:9207
[ 1812142ms] [WARNING] Skipped "*/*" because it is not a valid MIME type. Check https://developer.mozilla.org/en-US/docs/Web/HTTP/Basics_of_HTTP/MIME_types/Common_types for a list of valid MIME types. @ http://localhost:8000/assets/index-LFVFt-Wr.js:9207
[ 1812154ms] [WARNING] Skipped "*/*" because it is not a valid MIME type. Check https://developer.mozilla.org/en-US/docs/Web/HTTP/Basics_of_HTTP/MIME_types/Common_types for a list of valid MIME types. @ http://localhost:8000/assets/index-LFVFt-Wr.js:9207
[ 1812156ms] [WARNING] Skipped "*/*" because it is not a valid MIME type. Check https://developer.mozilla.org/en-US/docs/Web/HTTP/Basics_of_HTTP/MIME_types/Common_types for a list of valid MIME types. @ http://localhost:8000/assets/index-LFVFt-Wr.js:9207
[ 1812184ms] [WARNING] Skipped "*/*" because it is not a valid MIME type. Check https://developer.mozilla.org/en-US/docs/Web/HTTP/Basics_of_HTTP/MIME_types/Common_types for a list of valid MIME types. @ http://localhost:8000/assets/index-LFVFt-Wr.js:9207
[ 1812186ms] [WARNING] Skipped "*/*" because it is not a valid MIME type. Check https://developer.mozilla.org/en-US/docs/Web/HTTP/Basics_of_HTTP/MIME_types/Common_types for a list of valid MIME types. @ http://localhost:8000/assets/index-LFVFt-Wr.js:9207
[ 1812190ms] [WARNING] Skipped "*/*" because it is not a valid MIME type. Check https://developer.mozilla.org/en-US/docs/Web/HTTP/Basics_of_HTTP/MIME_types/Common_types for a list of valid MIME types. @ http://localhost:8000/assets/index-LFVFt-Wr.js:9207
[ 1812192ms] [WARNING] Skipped "*/*" because it is not a valid MIME type. Check https://developer.mozilla.org/en-US/docs/Web/HTTP/Basics_of_HTTP/MIME_types/Common_types for a list of valid MIME types. @ http://localhost:8000/assets/index-LFVFt-Wr.js:9207
[ 1812203ms] [WARNING] Skipped "*/*" because it is not a valid MIME type. Check https://developer.mozilla.org/en-US/docs/Web/HTTP/Basics_of_HTTP/MIME_types/Common_types for a list of valid MIME types. @ http://localhost:8000/assets/index-LFVFt-Wr.js:9207
[ 1812205ms] [WARNING] Skipped "*/*" because it is not a valid MIME type. Check https://developer.mozilla.org/en-US/docs/Web/HTTP/Basics_of_HTTP/MIME_types/Common_types for a list of valid MIME types. @ http://localhost:8000/assets/index-LFVFt-Wr.js:9207
[ 1812218ms] [WARNING] Skipped "*/*" because it is not a valid MIME type. Check https://developer.mozilla.org/en-US/docs/Web/HTTP/Basics_of_HTTP/MIME_types/Common_types for a list of valid MIME types. @ http://localhost:8000/assets/index-LFVFt-Wr.js:9207
[ 1812230ms] [WARNING] Skipped "*/*" because it is not a valid MIME type. Check https://developer.mozilla.org/en-US/docs/Web/HTTP/Basics_of_HTTP/MIME_types/Common_types for a list of valid MIME types. @ http://localhost:8000/assets/index-LFVFt-Wr.js:9207
[ 1812241ms] [WARNING] Skipped "*/*" because it is not a valid MIME type. Check https://developer.mozilla.org/en-US/docs/Web/HTTP/Basics_of_HTTP/MIME_types/Common_types for a list of valid MIME types. @ http://localhost:8000/assets/index-LFVFt-Wr.js:9207
[ 1812245ms] [WARNING] Skipped "*/*" because it is not a valid MIME type. Check https://developer.mozilla.org/en-US/docs/Web/HTTP/Basics_of_HTTP/MIME_types/Common_types for a list of valid MIME types. @ http://localhost:8000/assets/index-LFVFt-Wr.js:9207
[ 1812248ms] [WARNING] Skipped "*/*" because it is not a valid MIME type. Check https://developer.mozilla.org/en-US/docs/Web/HTTP/Basics_of_HTTP/MIME_types/Common_types for a list of valid MIME types. @ http://localhost:8000/assets/index-LFVFt-Wr.js:9207
[ 1812254ms] [WARNING] Skipped "*/*" because it is not a valid MIME type. Check https://developer.mozilla.org/en-US/docs/Web/HTTP/Basics_of_HTTP/MIME_types/Common_types for a list of valid MIME types. @ http://localhost:8000/assets/index-LFVFt-Wr.js:9207
[ 1812257ms] [WARNING] Skipped "*/*" because it is not a valid MIME type. Check https://developer.mozilla.org/en-US/docs/Web/HTTP/Basics_of_HTTP/MIME_types/Common_types for a list of valid MIME types. @ http://localhost:8000/assets/index-LFVFt-Wr.js:9207
[ 2012313ms] [LOG] 🚀 Transcription bridge starting... @ http://localhost:8000/public/script.js:35
[ 2012313ms] [LOG] 🚀 Transcription bridge initialized (Robust Mode). Watching for .transcription-signal... @ http://localhost:8000/public/script.js:76
[ 2012603ms] [WARNING] Skipped "*/*" because it is not a valid MIME type. Check https://developer.mozilla.org/en-US/docs/Web/HTTP/Basics_of_HTTP/MIME_types/Common_types for a list of valid MIME types. @ http://localhost:8000/assets/index-LFVFt-Wr.js:9207
[ 2012607ms] [WARNING] Skipped "*/*" because it is not a valid MIME type. Check https://developer.mozilla.org/en-US/docs/Web/HTTP/Basics_of_HTTP/MIME_types/Common_types for a list of valid MIME types. @ http://localhost:8000/assets/index-LFVFt-Wr.js:9207
[ 2012625ms] [WARNING] Skipped "*/*" because it is not a valid MIME type. Check https://developer.mozilla.org/en-US/docs/Web/HTTP/Basics_of_HTTP/MIME_types/Common_types for a list of valid MIME types. @ http://localhost:8000/assets/index-LFVFt-Wr.js:9207
[ 2012826ms] [WARNING] Skipped "*/*" because it is not a valid MIME type. Check https://developer.mozilla.org/en-US/docs/Web/HTTP/Basics_of_HTTP/MIME_types/Common_types for a list of valid MIME types. @ http://localhost:8000/assets/index-LFVFt-Wr.js:9207
[ 2012828ms] [WARNING] Skipped "*/*" because it is not a valid MIME type. Check https://developer.mozilla.org/en-US/docs/Web/HTTP/Basics_of_HTTP/MIME_types/Common_types for a list of valid MIME types. @ http://localhost:8000/assets/index-LFVFt-Wr.js:9207
[ 2012840ms] [WARNING] Skipped "*/*" because it is not a valid MIME type. Check https://developer.mozilla.org/en-US/docs/Web/HTTP/Basics_of_HTTP/MIME_types/Common_types for a list of valid MIME types. @ http://localhost:8000/assets/index-LFVFt-Wr.js:9207
[ 2012842ms] [WARNING] Skipped "*/*" because it is not a valid MIME type. Check https://developer.mozilla.org/en-US/docs/Web/HTTP/Basics_of_HTTP/MIME_types/Common_types for a list of valid MIME types. @ http://localhost:8000/assets/index-LFVFt-Wr.js:9207
[ 2012875ms] [WARNING] Skipped "*/*" because it is not a valid MIME type. Check https://developer.mozilla.org/en-US/docs/Web/HTTP/Basics_of_HTTP/MIME_types/Common_types for a list of valid MIME types. @ http://localhost:8000/assets/index-LFVFt-Wr.js:9207
[ 2012877ms] [WARNING] Skipped "*/*" because it is not a valid MIME type. Check https://developer.mozilla.org/en-US/docs/Web/HTTP/Basics_of_HTTP/MIME_types/Common_types for a list of valid MIME types. @ http://localhost:8000/assets/index-LFVFt-Wr.js:9207
[ 2012881ms] [WARNING] Skipped "*/*" because it is not a valid MIME type. Check https://developer.mozilla.org/en-US/docs/Web/HTTP/Basics_of_HTTP/MIME_types/Common_types for a list of valid MIME types. @ http://localhost:8000/assets/index-LFVFt-Wr.js:9207
[ 2012883ms] [WARNING] Skipped "*/*" because it is not a valid MIME type. Check https://developer.mozilla.org/en-US/docs/Web/HTTP/Basics_of_HTTP/MIME_types/Common_types for a list of valid MIME types. @ http://localhost:8000/assets/index-LFVFt-Wr.js:9207
[ 2012890ms] [WARNING] Skipped "*/*" because it is not a valid MIME type. Check https://developer.mozilla.org/en-US/docs/Web/HTTP/Basics_of_HTTP/MIME_types/Common_types for a list of valid MIME types. @ http://localhost:8000/assets/index-LFVFt-Wr.js:9207
[ 2012895ms] [WARNING] Skipped "*/*" because it is not a valid MIME type. Check https://developer.mozilla.org/en-US/docs/Web/HTTP/Basics_of_HTTP/MIME_types/Common_types for a list of valid MIME types. @ http://localhost:8000/assets/index-LFVFt-Wr.js:9207
[ 2012920ms] [WARNING] Skipped "*/*" because it is not a valid MIME type. Check https://developer.mozilla.org/en-US/docs/Web/HTTP/Basics_of_HTTP/MIME_types/Common_types for a list of valid MIME types. @ http://localhost:8000/assets/index-LFVFt-Wr.js:9207
[ 2012929ms] [WARNING] Skipped "*/*" because it is not a valid MIME type. Check https://developer.mozilla.org/en-US/docs/Web/HTTP/Basics_of_HTTP/MIME_types/Common_types for a list of valid MIME types. @ http://localhost:8000/assets/index-LFVFt-Wr.js:9207
[ 2012939ms] [WARNING] Skipped "*/*" because it is not a valid MIME type. Check https://developer.mozilla.org/en-US/docs/Web/HTTP/Basics_of_HTTP/MIME_types/Common_types for a list of valid MIME types. @ http://localhost:8000/assets/index-LFVFt-Wr.js:9207
[ 2012941ms] [WARNING] Skipped "*/*" because it is not a valid MIME type. Check https://developer.mozilla.org/en-US/docs/Web/HTTP/Basics_of_HTTP/MIME_types/Common_types for a list of valid MIME types. @ http://localhost:8000/assets/index-LFVFt-Wr.js:9207
[ 2012942ms] [WARNING] Skipped "*/*" because it is not a valid MIME type. Check https://developer.mozilla.org/en-US/docs/Web/HTTP/Basics_of_HTTP/MIME_types/Common_types for a list of valid MIME types. @ http://localhost:8000/assets/index-LFVFt-Wr.js:9207
[ 2012946ms] [WARNING] Skipped "*/*" because it is not a valid MIME type. Check https://developer.mozilla.org/en-US/docs/Web/HTTP/Basics_of_HTTP/MIME_types/Common_types for a list of valid MIME types. @ http://localhost:8000/assets/index-LFVFt-Wr.js:9207
[ 2012948ms] [WARNING] Skipped "*/*" because it is not a valid MIME type. Check https://developer.mozilla.org/en-US/docs/Web/HTTP/Basics_of_HTTP/MIME_types/Common_types for a list of valid MIME types. @ http://localhost:8000/assets/index-LFVFt-Wr.js:9207
[ 2068324ms] [LOG] 🚀 Transcription bridge starting... @ http://localhost:8000/public/script.js:35
[ 2068324ms] [LOG] 🚀 Transcription bridge initialized (Robust Mode). Watching for .transcription-signal... @ http://localhost:8000/public/script.js:76
[ 2174155ms] [WARNING] Skipped "*/*" because it is not a valid MIME type. Check https://developer.mozilla.org/en-US/docs/Web/HTTP/Basics_of_HTTP/MIME_types/Common_types for a list of valid MIME types. @ http://localhost:8000/assets/index-LFVFt-Wr.js:9207
[ 2174160ms] [WARNING] Skipped "*/*" because it is not a valid MIME type. Check https://developer.mozilla.org/en-US/docs/Web/HTTP/Basics_of_HTTP/MIME_types/Common_types for a list of valid MIME types. @ http://localhost:8000/assets/index-LFVFt-Wr.js:9207
[ 2174183ms] [WARNING] Skipped "*/*" because it is not a valid MIME type. Check https://developer.mozilla.org/en-US/docs/Web/HTTP/Basics_of_HTTP/MIME_types/Common_types for a list of valid MIME types. @ http://localhost:8000/assets/index-LFVFt-Wr.js:9207
[ 2174386ms] [WARNING] Skipped "*/*" because it is not a valid MIME type. Check https://developer.mozilla.org/en-US/docs/Web/HTTP/Basics_of_HTTP/MIME_types/Common_types for a list of valid MIME types. @ http://localhost:8000/assets/index-LFVFt-Wr.js:9207
[ 2174389ms] [WARNING] Skipped "*/*" because it is not a valid MIME type. Check https://developer.mozilla.org/en-US/docs/Web/HTTP/Basics_of_HTTP/MIME_types/Common_types for a list of valid MIME types. @ http://localhost:8000/assets/index-LFVFt-Wr.js:9207
[ 2174414ms] [WARNING] Skipped "*/*" because it is not a valid MIME type. Check https://developer.mozilla.org/en-US/docs/Web/HTTP/Basics_of_HTTP/MIME_types/Common_types for a list of valid MIME types. @ http://localhost:8000/assets/index-LFVFt-Wr.js:9207
[ 2174416ms] [WARNING] Skipped "*/*" because it is not a valid MIME type. Check https://developer.mozilla.org/en-US/docs/Web/HTTP/Basics_of_HTTP/MIME_types/Common_types for a list of valid MIME types. @ http://localhost:8000/assets/index-LFVFt-Wr.js:9207
[ 2174445ms] [WARNING] Skipped "*/*" because it is not a valid MIME type. Check https://developer.mozilla.org/en-US/docs/Web/HTTP/Basics_of_HTTP/MIME_types/Common_types for a list of valid MIME types. @ http://localhost:8000/assets/index-LFVFt-Wr.js:9207
[ 2174446ms] [WARNING] Skipped "*/*" because it is not a valid MIME type. Check https://developer.mozilla.org/en-US/docs/Web/HTTP/Basics_of_HTTP/MIME_types/Common_types for a list of valid MIME types. @ http://localhost:8000/assets/index-LFVFt-Wr.js:9207
[ 2174449ms] [WARNING] Skipped "*/*" because it is not a valid MIME type. Check https://developer.mozilla.org/en-US/docs/Web/HTTP/Basics_of_HTTP/MIME_types/Common_types for a list of valid MIME types. @ http://localhost:8000/assets/index-LFVFt-Wr.js:9207
[ 2174451ms] [WARNING] Skipped "*/*" because it is not a valid MIME type. Check https://developer.mozilla.org/en-US/docs/Web/HTTP/Basics_of_HTTP/MIME_types/Common_types for a list of valid MIME types. @ http://localhost:8000/assets/index-LFVFt-Wr.js:9207
[ 2174457ms] [WARNING] Skipped "*/*" because it is not a valid MIME type. Check https://developer.mozilla.org/en-US/docs/Web/HTTP/Basics_of_HTTP/MIME_types/Common_types for a list of valid MIME types. @ http://localhost:8000/assets/index-LFVFt-Wr.js:9207
[ 2174460ms] [WARNING] Skipped "*/*" because it is not a valid MIME type. Check https://developer.mozilla.org/en-US/docs/Web/HTTP/Basics_of_HTTP/MIME_types/Common_types for a list of valid MIME types. @ http://localhost:8000/assets/index-LFVFt-Wr.js:9207
[ 2174475ms] [WARNING] Skipped "*/*" because it is not a valid MIME type. Check https://developer.mozilla.org/en-US/docs/Web/HTTP/Basics_of_HTTP/MIME_types/Common_types for a list of valid MIME types. @ http://localhost:8000/assets/index-LFVFt-Wr.js:9207
[ 2174483ms] [WARNING] Skipped "*/*" because it is not a valid MIME type. Check https://developer.mozilla.org/en-US/docs/Web/HTTP/Basics_of_HTTP/MIME_types/Common_types for a list of valid MIME types. @ http://localhost:8000/assets/index-LFVFt-Wr.js:9207
[ 2174491ms] [WARNING] Skipped "*/*" because it is not a valid MIME type. Check https://developer.mozilla.org/en-US/docs/Web/HTTP/Basics_of_HTTP/MIME_types/Common_types for a list of valid MIME types. @ http://localhost:8000/assets/index-LFVFt-Wr.js:9207
[ 2174494ms] [WARNING] Skipped "*/*" because it is not a valid MIME type. Check https://developer.mozilla.org/en-US/docs/Web/HTTP/Basics_of_HTTP/MIME_types/Common_types for a list of valid MIME types. @ http://localhost:8000/assets/index-LFVFt-Wr.js:9207
[ 2174498ms] [WARNING] Skipped "*/*" because it is not a valid MIME type. Check https://developer.mozilla.org/en-US/docs/Web/HTTP/Basics_of_HTTP/MIME_types/Common_types for a list of valid MIME types. @ http://localhost:8000/assets/index-LFVFt-Wr.js:9207
[ 2174502ms] [WARNING] Skipped "*/*" because it is not a valid MIME type. Check https://developer.mozilla.org/en-US/docs/Web/HTTP/Basics_of_HTTP/MIME_types/Common_types for a list of valid MIME types. @ http://localhost:8000/assets/index-LFVFt-Wr.js:9207
[ 2174504ms] [WARNING] Skipped "*/*" because it is not a valid MIME type. Check https://developer.mozilla.org/en-US/docs/Web/HTTP/Basics_of_HTTP/MIME_types/Common_types for a list of valid MIME types. @ http://localhost:8000/assets/index-LFVFt-Wr.js:9207
[17423878ms] [ERROR] Failed to load resource: net::ERR_CONNECTION_REFUSED @ http://localhost:8000/ws/socket.io/?EIO=4&transport=polling&t=PvmgFTw:0
[17423883ms] [WARNING] Skipped "*/*" because it is not a valid MIME type. Check https://developer.mozilla.org/en-US/docs/Web/HTTP/Basics_of_HTTP/MIME_types/Common_types for a list of valid MIME types. @ http://localhost:8000/assets/index-LFVFt-Wr.js:9207
[17423887ms] [WARNING] Skipped "*/*" because it is not a valid MIME type. Check https://developer.mozilla.org/en-US/docs/Web/HTTP/Basics_of_HTTP/MIME_types/Common_types for a list of valid MIME types. @ http://localhost:8000/assets/index-LFVFt-Wr.js:9207
[17425831ms] [ERROR] Failed to load resource: net::ERR_CONNECTION_REFUSED @ http://localhost:8000/ws/socket.io/?EIO=4&transport=polling&t=PvmgFyT:0
[17425836ms] [WARNING] Skipped "*/*" because it is not a valid MIME type. Check https://developer.mozilla.org/en-US/docs/Web/HTTP/Basics_of_HTTP/MIME_types/Common_types for a list of valid MIME types. @ http://localhost:8000/assets/index-LFVFt-Wr.js:9207
[17425839ms] [WARNING] Skipped "*/*" because it is not a valid MIME type. Check https://developer.mozilla.org/en-US/docs/Web/HTTP/Basics_of_HTTP/MIME_types/Common_types for a list of valid MIME types. @ http://localhost:8000/assets/index-LFVFt-Wr.js:9207
[17428445ms] [ERROR] Failed to load resource: net::ERR_CONNECTION_REFUSED @ http://localhost:8000/ws/socket.io/?EIO=4&transport=polling&t=PvmgGbI:0
[17428456ms] [WARNING] Skipped "*/*" because it is not a valid MIME type. Check https://developer.mozilla.org/en-US/docs/Web/HTTP/Basics_of_HTTP/MIME_types/Common_types for a list of valid MIME types. @ http://localhost:8000/assets/index-LFVFt-Wr.js:9207
[17428464ms] [WARNING] Skipped "*/*" because it is not a valid MIME type. Check https://developer.mozilla.org/en-US/docs/Web/HTTP/Basics_of_HTTP/MIME_types/Common_types for a list of valid MIME types. @ http://localhost:8000/assets/index-LFVFt-Wr.js:9207
