[     226ms] [LOG] 🚀 Transcription bridge starting... @ http://localhost:8000/public/script.js:35
[     226ms] [LOG] 🚀 Transcription bridge initialized (Robust Mode). Watching for .transcription-signal... @ http://localhost:8000/public/script.js:76
[   16327ms] [WARNING] Skipped "*/*" because it is not a valid MIME type. Check https://developer.mozilla.org/en-US/docs/Web/HTTP/Basics_of_HTTP/MIME_types/Common_types for a list of valid MIME types. @ http://localhost:8000/assets/index-LFVFt-Wr.js:9207
[   16335ms] [WARNING] Skipped "*/*" because it is not a valid MIME type. Check https://developer.mozilla.org/en-US/docs/Web/HTTP/Basics_of_HTTP/MIME_types/Common_types for a list of valid MIME types. @ http://localhost:8000/assets/index-LFVFt-Wr.js:9207
[   16373ms] [WARNING] Skipped "*/*" because it is not a valid MIME type. Check https://developer.mozilla.org/en-US/docs/Web/HTTP/Basics_of_HTTP/MIME_types/Common_types for a list of valid MIME types. @ http://localhost:8000/assets/index-LFVFt-Wr.js:9207
[   16577ms] [WARNING] Skipped "*/*" because it is not a valid MIME type. Check https://developer.mozilla.org/en-US/docs/Web/HTTP/Basics_of_HTTP/MIME_types/Common_types for a list of valid MIME types. @ http://localhost:8000/assets/index-LFVFt-Wr.js:9207
[   16578ms] [WARNING] Skipped "*/*" because it is not a valid MIME type. Check https://developer.mozilla.org/en-US/docs/Web/HTTP/Basics_of_HTTP/MIME_types/Common_types for a list of valid MIME types. @ http://localhost:8000/assets/index-LFVFt-Wr.js:9207
[   16591ms] [WARNING] Skipped "*/*" because it is not a valid MIME type. Check https://developer.mozilla.org/en-US/docs/Web/HTTP/Basics_of_HTTP/MIME_types/Common_types for a list of valid MIME types. @ http://localhost:8000/assets/index-LFVFt-Wr.js:9207
[   16594ms] [WARNING] Skipped "*/*" because it is not a valid MIME type. Check https://developer.mozilla.org/en-US/docs/Web/HTTP/Basics_of_HTTP/MIME_types/Common_types for a list of valid MIME types. @ http://localhost:8000/assets/index-LFVFt-Wr.js:9207
[   16618ms] [WARNING] Skipped "*/*" because it is not a valid MIME type. Check https://developer.mozilla.org/en-US/docs/Web/HTTP/Basics_of_HTTP/MIME_types/Common_types for a list of valid MIME types. @ http://localhost:8000/assets/index-LFVFt-Wr.js:9207
[   16620ms] [WARNING] Skipped "*/*" because it is not a valid MIME type. Check https://developer.mozilla.org/en-US/docs/Web/HTTP/Basics_of_HTTP/MIME_types/Common_types for a list of valid MIME types. @ http://localhost:8000/assets/index-LFVFt-Wr.js:9207
[   16625ms] [WARNING] Skipped "*/*" because it is not a valid MIME type. Check https://developer.mozilla.org/en-US/docs/Web/HTTP/Basics_of_HTTP/MIME_types/Common_types for a list of valid MIME types. @ http://localhost:8000/assets/index-LFVFt-Wr.js:9207
[   16628ms] [WARNING] Skipped "*/*" because it is not a valid MIME type. Check https://developer.mozilla.org/en-US/docs/Web/HTTP/Basics_of_HTTP/MIME_types/Common_types for a list of valid MIME types. @ http://localhost:8000/assets/index-LFVFt-Wr.js:9207
[   16636ms] [WARNING] Skipped "*/*" because it is not a valid MIME type. Check https://developer.mozilla.org/en-US/docs/Web/HTTP/Basics_of_HTTP/MIME_types/Common_types for a list of valid MIME types. @ http://localhost:8000/assets/index-LFVFt-Wr.js:9207
[   16638ms] [WARNING] Skipped "*/*" because it is not a valid MIME type. Check https://developer.mozilla.org/en-US/docs/Web/HTTP/Basics_of_HTTP/MIME_types/Common_types for a list of valid MIME types. @ http://localhost:8000/assets/index-LFVFt-Wr.js:9207
[   16649ms] [WARNING] Skipped "*/*" because it is not a valid MIME type. Check https://developer.mozilla.org/en-US/docs/Web/HTTP/Basics_of_HTTP/MIME_types/Common_types for a list of valid MIME types. @ http://localhost:8000/assets/index-LFVFt-Wr.js:9207
[   16664ms] [WARNING] Skipped "*/*" because it is not a valid MIME type. Check https://developer.mozilla.org/en-US/docs/Web/HTTP/Basics_of_HTTP/MIME_types/Common_types for a list of valid MIME types. @ http://localhost:8000/assets/index-LFVFt-Wr.js:9207
[   16686ms] [WARNING] Skipped "*/*" because it is not a valid MIME type. Check https://developer.mozilla.org/en-US/docs/Web/HTTP/Basics_of_HTTP/MIME_types/Common_types for a list of valid MIME types. @ http://localhost:8000/assets/index-LFVFt-Wr.js:9207
[   16690ms] [WARNING] Skipped "*/*" because it is not a valid MIME type. Check https://developer.mozilla.org/en-US/docs/Web/HTTP/Basics_of_HTTP/MIME_types/Common_types for a list of valid MIME types. @ http://localhost:8000/assets/index-LFVFt-Wr.js:9207
[   16693ms] [WARNING] Skipped "*/*" because it is not a valid MIME type. Check https://developer.mozilla.org/en-US/docs/Web/HTTP/Basics_of_HTTP/MIME_types/Common_types for a list of valid MIME types. @ http://localhost:8000/assets/index-LFVFt-Wr.js:9207
[   16699ms] [WARNING] Skipped "*/*" because it is not a valid MIME type. Check https://developer.mozilla.org/en-US/docs/Web/HTTP/Basics_of_HTTP/MIME_types/Common_types for a list of valid MIME types. @ http://localhost:8000/assets/index-LFVFt-Wr.js:9207
[   16701ms] [WARNING] Skipped "*/*" because it is not a valid MIME type. Check https://developer.mozilla.org/en-US/docs/Web/HTTP/Basics_of_HTTP/MIME_types/Common_types for a list of valid MIME types. @ http://localhost:8000/assets/index-LFVFt-Wr.js:9207
[   25430ms] [WARNING] Skipped "*/*" because it is not a valid MIME type. Check https://developer.mozilla.org/en-US/docs/Web/HTTP/Basics_of_HTTP/MIME_types/Common_types for a list of valid MIME types. @ http://localhost:8000/assets/index-LFVFt-Wr.js:9207
[   25438ms] [WARNING] Skipped "*/*" because it is not a valid MIME type. Check https://developer.mozilla.org/en-US/docs/Web/HTTP/Basics_of_HTTP/MIME_types/Common_types for a list of valid MIME types. @ http://localhost:8000/assets/index-LFVFt-Wr.js:9207
[   25442ms] [WARNING] Skipped "*/*" because it is not a valid MIME type. Check https://developer.mozilla.org/en-US/docs/Web/HTTP/Basics_of_HTTP/MIME_types/Common_types for a list of valid MIME types. @ http://localhost:8000/assets/index-LFVFt-Wr.js:9207
[   25465ms] [WARNING] Skipped "*/*" because it is not a valid MIME type. Check https://developer.mozilla.org/en-US/docs/Web/HTTP/Basics_of_HTTP/MIME_types/Common_types for a list of valid MIME types. @ http://localhost:8000/assets/index-LFVFt-Wr.js:9207
[   25468ms] [WARNING] Skipped "*/*" because it is not a valid MIME type. Check https://developer.mozilla.org/en-US/docs/Web/HTTP/Basics_of_HTTP/MIME_types/Common_types for a list of valid MIME types. @ http://localhost:8000/assets/index-LFVFt-Wr.js:9207
[   25476ms] [WARNING] Skipped "*/*" because it is not a valid MIME type. Check https://developer.mozilla.org/en-US/docs/Web/HTTP/Basics_of_HTTP/MIME_types/Common_types for a list of valid MIME types. @ http://localhost:8000/assets/index-LFVFt-Wr.js:9207
[   25478ms] [WARNING] Skipped "*/*" because it is not a valid MIME type. Check https://developer.mozilla.org/en-US/docs/Web/HTTP/Basics_of_HTTP/MIME_types/Common_types for a list of valid MIME types. @ http://localhost:8000/assets/index-LFVFt-Wr.js:9207
[   25483ms] [WARNING] Skipped "*/*" because it is not a valid MIME type. Check https://developer.mozilla.org/en-US/docs/Web/HTTP/Basics_of_HTTP/MIME_types/Common_types for a list of valid MIME types. @ http://localhost:8000/assets/index-LFVFt-Wr.js:9207
[   25485ms] [WARNING] Skipped "*/*" because it is not a valid MIME type. Check https://developer.mozilla.org/en-US/docs/Web/HTTP/Basics_of_HTTP/MIME_types/Common_types for a list of valid MIME types. @ http://localhost:8000/assets/index-LFVFt-Wr.js:9207
[   45290ms] [WARNING] Skipped "*/*" because it is not a valid MIME type. Check https://developer.mozilla.org/en-US/docs/Web/HTTP/Basics_of_HTTP/MIME_types/Common_types for a list of valid MIME types. @ http://localhost:8000/assets/index-LFVFt-Wr.js:9207
[   45300ms] [WARNING] Skipped "*/*" because it is not a valid MIME type. Check https://developer.mozilla.org/en-US/docs/Web/HTTP/Basics_of_HTTP/MIME_types/Common_types for a list of valid MIME types. @ http://localhost:8000/assets/index-LFVFt-Wr.js:9207
[   52070ms] [WARNING] Skipped "*/*" because it is not a valid MIME type. Check https://developer.mozilla.org/en-US/docs/Web/HTTP/Basics_of_HTTP/MIME_types/Common_types for a list of valid MIME types. @ http://localhost:8000/assets/index-LFVFt-Wr.js:9207
[   52077ms] [WARNING] Skipped "*/*" because it is not a valid MIME type. Check https://developer.mozilla.org/en-US/docs/Web/HTTP/Basics_of_HTTP/MIME_types/Common_types for a list of valid MIME types. @ http://localhost:8000/assets/index-LFVFt-Wr.js:9207
[   53104ms] [WARNING] Skipped "*/*" because it is not a valid MIME type. Check https://developer.mozilla.org/en-US/docs/Web/HTTP/Basics_of_HTTP/MIME_types/Common_types for a list of valid MIME types. @ http://localhost:8000/assets/index-LFVFt-Wr.js:9207
[   53109ms] [WARNING] Skipped "*/*" because it is not a valid MIME type. Check https://developer.mozilla.org/en-US/docs/Web/HTTP/Basics_of_HTTP/MIME_types/Common_types for a list of valid MIME types. @ http://localhost:8000/assets/index-LFVFt-Wr.js:9207
[   53697ms] [WARNING] Skipped "*/*" because it is not a valid MIME type. Check https://developer.mozilla.org/en-US/docs/Web/HTTP/Basics_of_HTTP/MIME_types/Common_types for a list of valid MIME types. @ http://localhost:8000/assets/index-LFVFt-Wr.js:9207
[   53709ms] [WARNING] Skipped "*/*" because it is not a valid MIME type. Check https://developer.mozilla.org/en-US/docs/Web/HTTP/Basics_of_HTTP/MIME_types/Common_types for a list of valid MIME types. @ http://localhost:8000/assets/index-LFVFt-Wr.js:9207
[   53712ms] [WARNING] Skipped "*/*" because it is not a valid MIME type. Check https://developer.mozilla.org/en-US/docs/Web/HTTP/Basics_of_HTTP/MIME_types/Common_types for a list of valid MIME types. @ http://localhost:8000/assets/index-LFVFt-Wr.js:9207
[   62730ms] [WARNING] Skipped "*/*" because it is not a valid MIME type. Check https://developer.mozilla.org/en-US/docs/Web/HTTP/Basics_of_HTTP/MIME_types/Common_types for a list of valid MIME types. @ http://localhost:8000/assets/index-LFVFt-Wr.js:9207
[   62739ms] [WARNING] Skipped "*/*" because it is not a valid MIME type. Check https://developer.mozilla.org/en-US/docs/Web/HTTP/Basics_of_HTTP/MIME_types/Common_types for a list of valid MIME types. @ http://localhost:8000/assets/index-LFVFt-Wr.js:9207
[   62753ms] [WARNING] Skipped "*/*" because it is not a valid MIME type. Check https://developer.mozilla.org/en-US/docs/Web/HTTP/Basics_of_HTTP/MIME_types/Common_types for a list of valid MIME types. @ http://localhost:8000/assets/index-LFVFt-Wr.js:9207
[   62759ms] [WARNING] Skipped "*/*" because it is not a valid MIME type. Check https://developer.mozilla.org/en-US/docs/Web/HTTP/Basics_of_HTTP/MIME_types/Common_types for a list of valid MIME types. @ http://localhost:8000/assets/index-LFVFt-Wr.js:9207
[   62765ms] [WARNING] Skipped "*/*" because it is not a valid MIME type. Check https://developer.mozilla.org/en-US/docs/Web/HTTP/Basics_of_HTTP/MIME_types/Common_types for a list of valid MIME types. @ http://localhost:8000/assets/index-LFVFt-Wr.js:9207
[   62769ms] [WARNING] Skipped "*/*" because it is not a valid MIME type. Check https://developer.mozilla.org/en-US/docs/Web/HTTP/Basics_of_HTTP/MIME_types/Common_types for a list of valid MIME types. @ http://localhost:8000/assets/index-LFVFt-Wr.js:9207
[  123735ms] [WARNING] Skipped "*/*" because it is not a valid MIME type. Check https://developer.mozilla.org/en-US/docs/Web/HTTP/Basics_of_HTTP/MIME_types/Common_types for a list of valid MIME types. @ http://localhost:8000/assets/index-LFVFt-Wr.js:9207
[  124059ms] [WARNING] Skipped "*/*" because it is not a valid MIME type. Check https://developer.mozilla.org/en-US/docs/Web/HTTP/Basics_of_HTTP/MIME_types/Common_types for a list of valid MIME types. @ http://localhost:8000/assets/index-LFVFt-Wr.js:9207
[  125101ms] [WARNING] Skipped "*/*" because it is not a valid MIME type. Check https://developer.mozilla.org/en-US/docs/Web/HTTP/Basics_of_HTTP/MIME_types/Common_types for a list of valid MIME types. @ http://localhost:8000/assets/index-LFVFt-Wr.js:9207
[  125251ms] [WARNING] Skipped "*/*" because it is not a valid MIME type. Check https://developer.mozilla.org/en-US/docs/Web/HTTP/Basics_of_HTTP/MIME_types/Common_types for a list of valid MIME types. @ http://localhost:8000/assets/index-LFVFt-Wr.js:9207
[  125457ms] [WARNING] Skipped "*/*" because it is not a valid MIME type. Check https://developer.mozilla.org/en-US/docs/Web/HTTP/Basics_of_HTTP/MIME_types/Common_types for a list of valid MIME types. @ http://localhost:8000/assets/index-LFVFt-Wr.js:9207
[  125942ms] [WARNING] Skipped "*/*" because it is not a valid MIME type. Check https://developer.mozilla.org/en-US/docs/Web/HTTP/Basics_of_HTTP/MIME_types/Common_types for a list of valid MIME types. @ http://localhost:8000/assets/index-LFVFt-Wr.js:9207
[  126687ms] [WARNING] Skipped "*/*" because it is not a valid MIME type. Check https://developer.mozilla.org/en-US/docs/Web/HTTP/Basics_of_HTTP/MIME_types/Common_types for a list of valid MIME types. @ http://localhost:8000/assets/index-LFVFt-Wr.js:9207
[  126863ms] [WARNING] Skipped "*/*" because it is not a valid MIME type. Check https://developer.mozilla.org/en-US/docs/Web/HTTP/Basics_of_HTTP/MIME_types/Common_types for a list of valid MIME types. @ http://localhost:8000/assets/index-LFVFt-Wr.js:9207
[  128161ms] [WARNING] Skipped "*/*" because it is not a valid MIME type. Check https://developer.mozilla.org/en-US/docs/Web/HTTP/Basics_of_HTTP/MIME_types/Common_types for a list of valid MIME types. @ http://localhost:8000/assets/index-LFVFt-Wr.js:9207
[  128380ms] [WARNING] Skipped "*/*" because it is not a valid MIME type. Check https://developer.mozilla.org/en-US/docs/Web/HTTP/Basics_of_HTTP/MIME_types/Common_types for a list of valid MIME types. @ http://localhost:8000/assets/index-LFVFt-Wr.js:9207
[  128515ms] [WARNING] Skipped "*/*" because it is not a valid MIME type. Check https://developer.mozilla.org/en-US/docs/Web/HTTP/Basics_of_HTTP/MIME_types/Common_types for a list of valid MIME types. @ http://localhost:8000/assets/index-LFVFt-Wr.js:9207
[  129024ms] [WARNING] Skipped "*/*" because it is not a valid MIME type. Check https://developer.mozilla.org/en-US/docs/Web/HTTP/Basics_of_HTTP/MIME_types/Common_types for a list of valid MIME types. @ http://localhost:8000/assets/index-LFVFt-Wr.js:9207
[  129442ms] [WARNING] Skipped "*/*" because it is not a valid MIME type. Check https://developer.mozilla.org/en-US/docs/Web/HTTP/Basics_of_HTTP/MIME_types/Common_types for a list of valid MIME types. @ http://localhost:8000/assets/index-LFVFt-Wr.js:9207
[  129957ms] [WARNING] Skipped "*/*" because it is not a valid MIME type. Check https://developer.mozilla.org/en-US/docs/Web/HTTP/Basics_of_HTTP/MIME_types/Common_types for a list of valid MIME types. @ http://localhost:8000/assets/index-LFVFt-Wr.js:9207
[  130313ms] [WARNING] Skipped "*/*" because it is not a valid MIME type. Check https://developer.mozilla.org/en-US/docs/Web/HTTP/Basics_of_HTTP/MIME_types/Common_types for a list of valid MIME types. @ http://localhost:8000/assets/index-LFVFt-Wr.js:9207
[  130424ms] [WARNING] Skipped "*/*" because it is not a valid MIME type. Check https://developer.mozilla.org/en-US/docs/Web/HTTP/Basics_of_HTTP/MIME_types/Common_types for a list of valid MIME types. @ http://localhost:8000/assets/index-LFVFt-Wr.js:9207
[  130568ms] [WARNING] Skipped "*/*" because it is not a valid MIME type. Check https://developer.mozilla.org/en-US/docs/Web/HTTP/Basics_of_HTTP/MIME_types/Common_types for a list of valid MIME types. @ http://localhost:8000/assets/index-LFVFt-Wr.js:9207
[  131256ms] [WARNING] Skipped "*/*" because it is not a valid MIME type. Check https://developer.mozilla.org/en-US/docs/Web/HTTP/Basics_of_HTTP/MIME_types/Common_types for a list of valid MIME types. @ http://localhost:8000/assets/index-LFVFt-Wr.js:9207
[  131529ms] [WARNING] Skipped "*/*" because it is not a valid MIME type. Check https://developer.mozilla.org/en-US/docs/Web/HTTP/Basics_of_HTTP/MIME_types/Common_types for a list of valid MIME types. @ http://localhost:8000/assets/index-LFVFt-Wr.js:9207
[  131639ms] [WARNING] Skipped "*/*" because it is not a valid MIME type. Check https://developer.mozilla.org/en-US/docs/Web/HTTP/Basics_of_HTTP/MIME_types/Common_types for a list of valid MIME types. @ http://localhost:8000/assets/index-LFVFt-Wr.js:9207
[  131855ms] [WARNING] Skipped "*/*" because it is not a valid MIME type. Check https://developer.mozilla.org/en-US/docs/Web/HTTP/Basics_of_HTTP/MIME_types/Common_types for a list of valid MIME types. @ http://localhost:8000/assets/index-LFVFt-Wr.js:9207
[  132070ms] [WARNING] Skipped "*/*" because it is not a valid MIME type. Check https://developer.mozilla.org/en-US/docs/Web/HTTP/Basics_of_HTTP/MIME_types/Common_types for a list of valid MIME types. @ http://localhost:8000/assets/index-LFVFt-Wr.js:9207
[  132621ms] [WARNING] Skipped "*/*" because it is not a valid MIME type. Check https://developer.mozilla.org/en-US/docs/Web/HTTP/Basics_of_HTTP/MIME_types/Common_types for a list of valid MIME types. @ http://localhost:8000/assets/index-LFVFt-Wr.js:9207
[  132829ms] [WARNING] Skipped "*/*" because it is not a valid MIME type. Check https://developer.mozilla.org/en-US/docs/Web/HTTP/Basics_of_HTTP/MIME_types/Common_types for a list of valid MIME types. @ http://localhost:8000/assets/index-LFVFt-Wr.js:9207
[  132961ms] [WARNING] Skipped "*/*" because it is not a valid MIME type. Check https://developer.mozilla.org/en-US/docs/Web/HTTP/Basics_of_HTTP/MIME_types/Common_types for a list of valid MIME types. @ http://localhost:8000/assets/index-LFVFt-Wr.js:9207
[  133266ms] [WARNING] Skipped "*/*" because it is not a valid MIME type. Check https://developer.mozilla.org/en-US/docs/Web/HTTP/Basics_of_HTTP/MIME_types/Common_types for a list of valid MIME types. @ http://localhost:8000/assets/index-LFVFt-Wr.js:9207
[  133501ms] [WARNING] Skipped "*/*" because it is not a valid MIME type. Check https://developer.mozilla.org/en-US/docs/Web/HTTP/Basics_of_HTTP/MIME_types/Common_types for a list of valid MIME types. @ http://localhost:8000/assets/index-LFVFt-Wr.js:9207
[  133704ms] [WARNING] Skipped "*/*" because it is not a valid MIME type. Check https://developer.mozilla.org/en-US/docs/Web/HTTP/Basics_of_HTTP/MIME_types/Common_types for a list of valid MIME types. @ http://localhost:8000/assets/index-LFVFt-Wr.js:9207
[  133827ms] [WARNING] Skipped "*/*" because it is not a valid MIME type. Check https://developer.mozilla.org/en-US/docs/Web/HTTP/Basics_of_HTTP/MIME_types/Common_types for a list of valid MIME types. @ http://localhost:8000/assets/index-LFVFt-Wr.js:9207
[  134014ms] [WARNING] Skipped "*/*" because it is not a valid MIME type. Check https://developer.mozilla.org/en-US/docs/Web/HTTP/Basics_of_HTTP/MIME_types/Common_types for a list of valid MIME types. @ http://localhost:8000/assets/index-LFVFt-Wr.js:9207
[  134143ms] [WARNING] Skipped "*/*" because it is not a valid MIME type. Check https://developer.mozilla.org/en-US/docs/Web/HTTP/Basics_of_HTTP/MIME_types/Common_types for a list of valid MIME types. @ http://localhost:8000/assets/index-LFVFt-Wr.js:9207
[  134428ms] [WARNING] Skipped "*/*" because it is not a valid MIME type. Check https://developer.mozilla.org/en-US/docs/Web/HTTP/Basics_of_HTTP/MIME_types/Common_types for a list of valid MIME types. @ http://localhost:8000/assets/index-LFVFt-Wr.js:9207
[  135539ms] [WARNING] Skipped "*/*" because it is not a valid MIME type. Check https://developer.mozilla.org/en-US/docs/Web/HTTP/Basics_of_HTTP/MIME_types/Common_types for a list of valid MIME types. @ http://localhost:8000/assets/index-LFVFt-Wr.js:9207
[  135825ms] [WARNING] Skipped "*/*" because it is not a valid MIME type. Check https://developer.mozilla.org/en-US/docs/Web/HTTP/Basics_of_HTTP/MIME_types/Common_types for a list of valid MIME types. @ http://localhost:8000/assets/index-LFVFt-Wr.js:9207
[  136041ms] [WARNING] Skipped "*/*" because it is not a valid MIME type. Check https://developer.mozilla.org/en-US/docs/Web/HTTP/Basics_of_HTTP/MIME_types/Common_types for a list of valid MIME types. @ http://localhost:8000/assets/index-LFVFt-Wr.js:9207
[  136257ms] [WARNING] Skipped "*/*" because it is not a valid MIME type. Check https://developer.mozilla.org/en-US/docs/Web/HTTP/Basics_of_HTTP/MIME_types/Common_types for a list of valid MIME types. @ http://localhost:8000/assets/index-LFVFt-Wr.js:9207
[  136428ms] [WARNING] Skipped "*/*" because it is not a valid MIME type. Check https://developer.mozilla.org/en-US/docs/Web/HTTP/Basics_of_HTTP/MIME_types/Common_types for a list of valid MIME types. @ http://localhost:8000/assets/index-LFVFt-Wr.js:9207
[  136589ms] [WARNING] Skipped "*/*" because it is not a valid MIME type. Check https://developer.mozilla.org/en-US/docs/Web/HTTP/Basics_of_HTTP/MIME_types/Common_types for a list of valid MIME types. @ http://localhost:8000/assets/index-LFVFt-Wr.js:9207
[  136673ms] [WARNING] Skipped "*/*" because it is not a valid MIME type. Check https://developer.mozilla.org/en-US/docs/Web/HTTP/Basics_of_HTTP/MIME_types/Common_types for a list of valid MIME types. @ http://localhost:8000/assets/index-LFVFt-Wr.js:9207
[  136910ms] [WARNING] Skipped "*/*" because it is not a valid MIME type. Check https://developer.mozilla.org/en-US/docs/Web/HTTP/Basics_of_HTTP/MIME_types/Common_types for a list of valid MIME types. @ http://localhost:8000/assets/index-LFVFt-Wr.js:9207
[  137036ms] [WARNING] Skipped "*/*" because it is not a valid MIME type. Check https://developer.mozilla.org/en-US/docs/Web/HTTP/Basics_of_HTTP/MIME_types/Common_types for a list of valid MIME types. @ http://localhost:8000/assets/index-LFVFt-Wr.js:9207
[  137774ms] [WARNING] Skipped "*/*" because it is not a valid MIME type. Check https://developer.mozilla.org/en-US/docs/Web/HTTP/Basics_of_HTTP/MIME_types/Common_types for a list of valid MIME types. @ http://localhost:8000/assets/index-LFVFt-Wr.js:9207
[  138103ms] [WARNING] Skipped "*/*" because it is not a valid MIME type. Check https://developer.mozilla.org/en-US/docs/Web/HTTP/Basics_of_HTTP/MIME_types/Common_types for a list of valid MIME types. @ http://localhost:8000/assets/index-LFVFt-Wr.js:9207
[  138204ms] [WARNING] Skipped "*/*" because it is not a valid MIME type. Check https://developer.mozilla.org/en-US/docs/Web/HTTP/Basics_of_HTTP/MIME_types/Common_types for a list of valid MIME types. @ http://localhost:8000/assets/index-LFVFt-Wr.js:9207
[  138510ms] [WARNING] Skipped "*/*" because it is not a valid MIME type. Check https://developer.mozilla.org/en-US/docs/Web/HTTP/Basics_of_HTTP/MIME_types/Common_types for a list of valid MIME types. @ http://localhost:8000/assets/index-LFVFt-Wr.js:9207
[  138659ms] [WARNING] Skipped "*/*" because it is not a valid MIME type. Check https://developer.mozilla.org/en-US/docs/Web/HTTP/Basics_of_HTTP/MIME_types/Common_types for a list of valid MIME types. @ http://localhost:8000/assets/index-LFVFt-Wr.js:9207
[  138813ms] [WARNING] Skipped "*/*" because it is not a valid MIME type. Check https://developer.mozilla.org/en-US/docs/Web/HTTP/Basics_of_HTTP/MIME_types/Common_types for a list of valid MIME types. @ http://localhost:8000/assets/index-LFVFt-Wr.js:9207
[  138973ms] [WARNING] Skipped "*/*" because it is not a valid MIME type. Check https://developer.mozilla.org/en-US/docs/Web/HTTP/Basics_of_HTTP/MIME_types/Common_types for a list of valid MIME types. @ http://localhost:8000/assets/index-LFVFt-Wr.js:9207
[  139631ms] [WARNING] Skipped "*/*" because it is not a valid MIME type. Check https://developer.mozilla.org/en-US/docs/Web/HTTP/Basics_of_HTTP/MIME_types/Common_types for a list of valid MIME types. @ http://localhost:8000/assets/index-LFVFt-Wr.js:9207
[  139817ms] [WARNING] Skipped "*/*" because it is not a valid MIME type. Check https://developer.mozilla.org/en-US/docs/Web/HTTP/Basics_of_HTTP/MIME_types/Common_types for a list of valid MIME types. @ http://localhost:8000/assets/index-LFVFt-Wr.js:9207
[  139935ms] [WARNING] Skipped "*/*" because it is not a valid MIME type. Check https://developer.mozilla.org/en-US/docs/Web/HTTP/Basics_of_HTTP/MIME_types/Common_types for a list of valid MIME types. @ http://localhost:8000/assets/index-LFVFt-Wr.js:9207
[  140113ms] [WARNING] Skipped "*/*" because it is not a valid MIME type. Check https://developer.mozilla.org/en-US/docs/Web/HTTP/Basics_of_HTTP/MIME_types/Common_types for a list of valid MIME types. @ http://localhost:8000/assets/index-LFVFt-Wr.js:9207
[  140295ms] [WARNING] Skipped "*/*" because it is not a valid MIME type. Check https://developer.mozilla.org/en-US/docs/Web/HTTP/Basics_of_HTTP/MIME_types/Common_types for a list of valid MIME types. @ http://localhost:8000/assets/index-LFVFt-Wr.js:9207
[  140410ms] [WARNING] Skipped "*/*" because it is not a valid MIME type. Check https://developer.mozilla.org/en-US/docs/Web/HTTP/Basics_of_HTTP/MIME_types/Common_types for a list of valid MIME types. @ http://localhost:8000/assets/index-LFVFt-Wr.js:9207
[  140733ms] [WARNING] Skipped "*/*" because it is not a valid MIME type. Check https://developer.mozilla.org/en-US/docs/Web/HTTP/Basics_of_HTTP/MIME_types/Common_types for a list of valid MIME types. @ http://localhost:8000/assets/index-LFVFt-Wr.js:9207
[  140928ms] [WARNING] Skipped "*/*" because it is not a valid MIME type. Check https://developer.mozilla.org/en-US/docs/Web/HTTP/Basics_of_HTTP/MIME_types/Common_types for a list of valid MIME types. @ http://localhost:8000/assets/index-LFVFt-Wr.js:9207
[  141128ms] [WARNING] Skipped "*/*" because it is not a valid MIME type. Check https://developer.mozilla.org/en-US/docs/Web/HTTP/Basics_of_HTTP/MIME_types/Common_types for a list of valid MIME types. @ http://localhost:8000/assets/index-LFVFt-Wr.js:9207
[  141367ms] [WARNING] Skipped "*/*" because it is not a valid MIME type. Check https://developer.mozilla.org/en-US/docs/Web/HTTP/Basics_of_HTTP/MIME_types/Common_types for a list of valid MIME types. @ http://localhost:8000/assets/index-LFVFt-Wr.js:9207
[  141538ms] [WARNING] Skipped "*/*" because it is not a valid MIME type. Check https://developer.mozilla.org/en-US/docs/Web/HTTP/Basics_of_HTTP/MIME_types/Common_types for a list of valid MIME types. @ http://localhost:8000/assets/index-LFVFt-Wr.js:9207
[  142053ms] [WARNING] Skipped "*/*" because it is not a valid MIME type. Check https://developer.mozilla.org/en-US/docs/Web/HTTP/Basics_of_HTTP/MIME_types/Common_types for a list of valid MIME types. @ http://localhost:8000/assets/index-LFVFt-Wr.js:9207
[  142298ms] [WARNING] Skipped "*/*" because it is not a valid MIME type. Check https://developer.mozilla.org/en-US/docs/Web/HTTP/Basics_of_HTTP/MIME_types/Common_types for a list of valid MIME types. @ http://localhost:8000/assets/index-LFVFt-Wr.js:9207
[  142700ms] [WARNING] Skipped "*/*" because it is not a valid MIME type. Check https://developer.mozilla.org/en-US/docs/Web/HTTP/Basics_of_HTTP/MIME_types/Common_types for a list of valid MIME types. @ http://localhost:8000/assets/index-LFVFt-Wr.js:9207
[  143048ms] [WARNING] Skipped "*/*" because it is not a valid MIME type. Check https://developer.mozilla.org/en-US/docs/Web/HTTP/Basics_of_HTTP/MIME_types/Common_types for a list of valid MIME types. @ http://localhost:8000/assets/index-LFVFt-Wr.js:9207
[  143277ms] [WARNING] Skipped "*/*" because it is not a valid MIME type. Check https://developer.mozilla.org/en-US/docs/Web/HTTP/Basics_of_HTTP/MIME_types/Common_types for a list of valid MIME types. @ http://localhost:8000/assets/index-LFVFt-Wr.js:9207
[  143436ms] [WARNING] Skipped "*/*" because it is not a valid MIME type. Check https://developer.mozilla.org/en-US/docs/Web/HTTP/Basics_of_HTTP/MIME_types/Common_types for a list of valid MIME types. @ http://localhost:8000/assets/index-LFVFt-Wr.js:9207
[  143687ms] [WARNING] Skipped "*/*" because it is not a valid MIME type. Check https://developer.mozilla.org/en-US/docs/Web/HTTP/Basics_of_HTTP/MIME_types/Common_types for a list of valid MIME types. @ http://localhost:8000/assets/index-LFVFt-Wr.js:9207
[  143923ms] [WARNING] Skipped "*/*" because it is not a valid MIME type. Check https://developer.mozilla.org/en-US/docs/Web/HTTP/Basics_of_HTTP/MIME_types/Common_types for a list of valid MIME types. @ http://localhost:8000/assets/index-LFVFt-Wr.js:9207
[  144175ms] [WARNING] Skipped "*/*" because it is not a valid MIME type. Check https://developer.mozilla.org/en-US/docs/Web/HTTP/Basics_of_HTTP/MIME_types/Common_types for a list of valid MIME types. @ http://localhost:8000/assets/index-LFVFt-Wr.js:9207
[  144459ms] [WARNING] Skipped "*/*" because it is not a valid MIME type. Check https://developer.mozilla.org/en-US/docs/Web/HTTP/Basics_of_HTTP/MIME_types/Common_types for a list of valid MIME types. @ http://localhost:8000/assets/index-LFVFt-Wr.js:9207
[  144662ms] [WARNING] Skipped "*/*" because it is not a valid MIME type. Check https://developer.mozilla.org/en-US/docs/Web/HTTP/Basics_of_HTTP/MIME_types/Common_types for a list of valid MIME types. @ http://localhost:8000/assets/index-LFVFt-Wr.js:9207
[  144937ms] [WARNING] Skipped "*/*" because it is not a valid MIME type. Check https://developer.mozilla.org/en-US/docs/Web/HTTP/Basics_of_HTTP/MIME_types/Common_types for a list of valid MIME types. @ http://localhost:8000/assets/index-LFVFt-Wr.js:9207
[  145243ms] [WARNING] Skipped "*/*" because it is not a valid MIME type. Check https://developer.mozilla.org/en-US/docs/Web/HTTP/Basics_of_HTTP/MIME_types/Common_types for a list of valid MIME types. @ http://localhost:8000/assets/index-LFVFt-Wr.js:9207
[  145508ms] [WARNING] Skipped "*/*" because it is not a valid MIME type. Check https://developer.mozilla.org/en-US/docs/Web/HTTP/Basics_of_HTTP/MIME_types/Common_types for a list of valid MIME types. @ http://localhost:8000/assets/index-LFVFt-Wr.js:9207
[  145917ms] [WARNING] Skipped "*/*" because it is not a valid MIME type. Check https://developer.mozilla.org/en-US/docs/Web/HTTP/Basics_of_HTTP/MIME_types/Common_types for a list of valid MIME types. @ http://localhost:8000/assets/index-LFVFt-Wr.js:9207
[  145920ms] [WARNING] Skipped "*/*" because it is not a valid MIME type. Check https://developer.mozilla.org/en-US/docs/Web/HTTP/Basics_of_HTTP/MIME_types/Common_types for a list of valid MIME types. @ http://localhost:8000/assets/index-LFVFt-Wr.js:9207
[  145931ms] [WARNING] Skipped "*/*" because it is not a valid MIME type. Check https://developer.mozilla.org/en-US/docs/Web/HTTP/Basics_of_HTTP/MIME_types/Common_types for a list of valid MIME types. @ http://localhost:8000/assets/index-LFVFt-Wr.js:9207
[  145934ms] [WARNING] Skipped "*/*" because it is not a valid MIME type. Check https://developer.mozilla.org/en-US/docs/Web/HTTP/Basics_of_HTTP/MIME_types/Common_types for a list of valid MIME types. @ http://localhost:8000/assets/index-LFVFt-Wr.js:9207
[  145939ms] [WARNING] Skipped "*/*" because it is not a valid MIME type. Check https://developer.mozilla.org/en-US/docs/Web/HTTP/Basics_of_HTTP/MIME_types/Common_types for a list of valid MIME types. @ http://localhost:8000/assets/index-LFVFt-Wr.js:9207
[  145941ms] [WARNING] Skipped "*/*" because it is not a valid MIME type. Check https://developer.mozilla.org/en-US/docs/Web/HTTP/Basics_of_HTTP/MIME_types/Common_types for a list of valid MIME types. @ http://localhost:8000/assets/index-LFVFt-Wr.js:9207
[  152791ms] [WARNING] Skipped "*/*" because it is not a valid MIME type. Check https://developer.mozilla.org/en-US/docs/Web/HTTP/Basics_of_HTTP/MIME_types/Common_types for a list of valid MIME types. @ http://localhost:8000/assets/index-LFVFt-Wr.js:9207
[  152796ms] [WARNING] Skipped "*/*" because it is not a valid MIME type. Check https://developer.mozilla.org/en-US/docs/Web/HTTP/Basics_of_HTTP/MIME_types/Common_types for a list of valid MIME types. @ http://localhost:8000/assets/index-LFVFt-Wr.js:9207
[  157957ms] [WARNING] Skipped "*/*" because it is not a valid MIME type. Check https://developer.mozilla.org/en-US/docs/Web/HTTP/Basics_of_HTTP/MIME_types/Common_types for a list of valid MIME types. @ http://localhost:8000/assets/index-LFVFt-Wr.js:9207
[  157963ms] [WARNING] Skipped "*/*" because it is not a valid MIME type. Check https://developer.mozilla.org/en-US/docs/Web/HTTP/Basics_of_HTTP/MIME_types/Common_types for a list of valid MIME types. @ http://localhost:8000/assets/index-LFVFt-Wr.js:9207
[  233606ms] [WARNING] Skipped "*/*" because it is not a valid MIME type. Check https://developer.mozilla.org/en-US/docs/Web/HTTP/Basics_of_HTTP/MIME_types/Common_types for a list of valid MIME types. @ http://localhost:8000/assets/index-LFVFt-Wr.js:9207
[  233623ms] [WARNING] Skipped "*/*" because it is not a valid MIME type. Check https://developer.mozilla.org/en-US/docs/Web/HTTP/Basics_of_HTTP/MIME_types/Common_types for a list of valid MIME types. @ http://localhost:8000/assets/index-LFVFt-Wr.js:9207
[  233635ms] [WARNING] Skipped "*/*" because it is not a valid MIME type. Check https://developer.mozilla.org/en-US/docs/Web/HTTP/Basics_of_HTTP/MIME_types/Common_types for a list of valid MIME types. @ http://localhost:8000/assets/index-LFVFt-Wr.js:9207
[  233638ms] [WARNING] Skipped "*/*" because it is not a valid MIME type. Check https://developer.mozilla.org/en-US/docs/Web/HTTP/Basics_of_HTTP/MIME_types/Common_types for a list of valid MIME types. @ http://localhost:8000/assets/index-LFVFt-Wr.js:9207
[  233643ms] [WARNING] Skipped "*/*" because it is not a valid MIME type. Check https://developer.mozilla.org/en-US/docs/Web/HTTP/Basics_of_HTTP/MIME_types/Common_types for a list of valid MIME types. @ http://localhost:8000/assets/index-LFVFt-Wr.js:9207
[  233650ms] [WARNING] Skipped "*/*" because it is not a valid MIME type. Check https://developer.mozilla.org/en-US/docs/Web/HTTP/Basics_of_HTTP/MIME_types/Common_types for a list of valid MIME types. @ http://localhost:8000/assets/index-LFVFt-Wr.js:9207
[  430191ms] [LOG] 🚀 Transcription bridge starting... @ http://localhost:8000/public/script.js:35
[  430191ms] [LOG] 🚀 Transcription bridge initialized (Robust Mode). Watching for .transcription-signal... @ http://localhost:8000/public/script.js:76
[  430575ms] [WARNING] Skipped "*/*" because it is not a valid MIME type. Check https://developer.mozilla.org/en-US/docs/Web/HTTP/Basics_of_HTTP/MIME_types/Common_types for a list of valid MIME types. @ http://localhost:8000/assets/index-LFVFt-Wr.js:9207
[  430579ms] [WARNING] Skipped "*/*" because it is not a valid MIME type. Check https://developer.mozilla.org/en-US/docs/Web/HTTP/Basics_of_HTTP/MIME_types/Common_types for a list of valid MIME types. @ http://localhost:8000/assets/index-LFVFt-Wr.js:9207
[  430601ms] [WARNING] Skipped "*/*" because it is not a valid MIME type. Check https://developer.mozilla.org/en-US/docs/Web/HTTP/Basics_of_HTTP/MIME_types/Common_types for a list of valid MIME types. @ http://localhost:8000/assets/index-LFVFt-Wr.js:9207
[  430803ms] [WARNING] Skipped "*/*" because it is not a valid MIME type. Check https://developer.mozilla.org/en-US/docs/Web/HTTP/Basics_of_HTTP/MIME_types/Common_types for a list of valid MIME types. @ http://localhost:8000/assets/index-LFVFt-Wr.js:9207
[  430805ms] [WARNING] Skipped "*/*" because it is not a valid MIME type. Check https://developer.mozilla.org/en-US/docs/Web/HTTP/Basics_of_HTTP/MIME_types/Common_types for a list of valid MIME types. @ http://localhost:8000/assets/index-LFVFt-Wr.js:9207
[  430821ms] [WARNING] Skipped "*/*" because it is not a valid MIME type. Check https://developer.mozilla.org/en-US/docs/Web/HTTP/Basics_of_HTTP/MIME_types/Common_types for a list of valid MIME types. @ http://localhost:8000/assets/index-LFVFt-Wr.js:9207
[  430823ms] [WARNING] Skipped "*/*" because it is not a valid MIME type. Check https://developer.mozilla.org/en-US/docs/Web/HTTP/Basics_of_HTTP/MIME_types/Common_types for a list of valid MIME types. @ http://localhost:8000/assets/index-LFVFt-Wr.js:9207
[  430857ms] [WARNING] Skipped "*/*" because it is not a valid MIME type. Check https://developer.mozilla.org/en-US/docs/Web/HTTP/Basics_of_HTTP/MIME_types/Common_types for a list of valid MIME types. @ http://localhost:8000/assets/index-LFVFt-Wr.js:9207
[  430858ms] [WARNING] Skipped "*/*" because it is not a valid MIME type. Check https://developer.mozilla.org/en-US/docs/Web/HTTP/Basics_of_HTTP/MIME_types/Common_types for a list of valid MIME types. @ http://localhost:8000/assets/index-LFVFt-Wr.js:9207
[  430861ms] [WARNING] Skipped "*/*" because it is not a valid MIME type. Check https://developer.mozilla.org/en-US/docs/Web/HTTP/Basics_of_HTTP/MIME_types/Common_types for a list of valid MIME types. @ http://localhost:8000/assets/index-LFVFt-Wr.js:9207
[  430862ms] [WARNING] Skipped "*/*" because it is not a valid MIME type. Check https://developer.mozilla.org/en-US/docs/Web/HTTP/Basics_of_HTTP/MIME_types/Common_types for a list of valid MIME types. @ http://localhost:8000/assets/index-LFVFt-Wr.js:9207
[  430869ms] [WARNING] Skipped "*/*" because it is not a valid MIME type. Check https://developer.mozilla.org/en-US/docs/Web/HTTP/Basics_of_HTTP/MIME_types/Common_types for a list of valid MIME types. @ http://localhost:8000/assets/index-LFVFt-Wr.js:9207
[  430871ms] [WARNING] Skipped "*/*" because it is not a valid MIME type. Check https://developer.mozilla.org/en-US/docs/Web/HTTP/Basics_of_HTTP/MIME_types/Common_types for a list of valid MIME types. @ http://localhost:8000/assets/index-LFVFt-Wr.js:9207
[  430916ms] [WARNING] Skipped "*/*" because it is not a valid MIME type. Check https://developer.mozilla.org/en-US/docs/Web/HTTP/Basics_of_HTTP/MIME_types/Common_types for a list of valid MIME types. @ http://localhost:8000/assets/index-LFVFt-Wr.js:9207
[  430923ms] [WARNING] Skipped "*/*" because it is not a valid MIME type. Check https://developer.mozilla.org/en-US/docs/Web/HTTP/Basics_of_HTTP/MIME_types/Common_types for a list of valid MIME types. @ http://localhost:8000/assets/index-LFVFt-Wr.js:9207
[  430932ms] [WARNING] Skipped "*/*" because it is not a valid MIME type. Check https://developer.mozilla.org/en-US/docs/Web/HTTP/Basics_of_HTTP/MIME_types/Common_types for a list of valid MIME types. @ http://localhost:8000/assets/index-LFVFt-Wr.js:9207
[  430934ms] [WARNING] Skipped "*/*" because it is not a valid MIME type. Check https://developer.mozilla.org/en-US/docs/Web/HTTP/Basics_of_HTTP/MIME_types/Common_types for a list of valid MIME types. @ http://localhost:8000/assets/index-LFVFt-Wr.js:9207
[  430936ms] [WARNING] Skipped "*/*" because it is not a valid MIME type. Check https://developer.mozilla.org/en-US/docs/Web/HTTP/Basics_of_HTTP/MIME_types/Common_types for a list of valid MIME types. @ http://localhost:8000/assets/index-LFVFt-Wr.js:9207
[  430939ms] [WARNING] Skipped "*/*" because it is not a valid MIME type. Check https://developer.mozilla.org/en-US/docs/Web/HTTP/Basics_of_HTTP/MIME_types/Common_types for a list of valid MIME types. @ http://localhost:8000/assets/index-LFVFt-Wr.js:9207
[  430941ms] [WARNING] Skipped "*/*" because it is not a valid MIME type. Check https://developer.mozilla.org/en-US/docs/Web/HTTP/Basics_of_HTTP/MIME_types/Common_types for a list of valid MIME types. @ http://localhost:8000/assets/index-LFVFt-Wr.js:9207
